<html>
<body>
<pre>
<h1>µVision Build Log</h1>
<h2>Tool Versions:</h2>
IDE-Version: ¦ÌVision V5.36.0.0
Copyright (C) 2021 ARM Ltd and ARM Germany GmbH. All rights reserved.
License Information: LYX LYX, LYX, LIC=ATTQ1-CJBJC-12ZLE-5B8DS-78GHJ-CFF6H
 
Tool Versions:
Toolchain:       MDK-ARM Plus  Version: 5.36.0.0
Toolchain Path:  D:\keil\ARM\ARMCC\Bin
C Compiler:      Armcc.exe V5.06 update 7 (build 960)
Assembler:       Armasm.exe V5.06 update 7 (build 960)
Linker/Locator:  ArmLink.exe V5.06 update 7 (build 960)
Library Manager: ArmAr.exe V5.06 update 7 (build 960)
Hex Converter:   FromElf.exe V5.06 update 7 (build 960)
CPU DLL:         SARMCM3.DLL V5.36.0.0
Dialog DLL:      DCM.DLL V1.17.3.0
Target DLL:      CMSIS_AGDI.dll V1.33.0.0
Dialog DLL:      TCM.DLL V1.53.0.0
 
<h2>Project:</h2>
C:\Users\±ÏÑÒïÛ\Desktop\STM32F103¼Ä´æÆ÷¿â¿ª·¢\STM32F103C8T6-LYX\STM32F103C8T6_LYX_OPEN.uvprojx
Project File Date:  04/06/2024

<h2>Output:</h2>
*** Using Compiler 'V5.06 update 7 (build 960)', folder: 'D:\keil\ARM\ARMCC\Bin'
Build target 'Target 1'
Clean started - Project: 'STM32F103C8T6_LYX_OPEN'
   deleting intermediate output files for target 'Target 1'
assembling startup_stm32f10x_md.s...
compiling system_stm32f10x.c...
compiling test.c...
compiling LYX_SPI.c...
compiling LYX_ADC.c...
compiling LYX_CLOCK.c...
compiling LYX_DELAY.c...
compiling LYX_DMA.c...
compiling LYX_FFT.c...
compiling LYX_FONT.c...
compiling LYX_GPIO.c...
compiling LYX_IIC.c...
compiling LYX_KEY.c...
compiling LYX_PWM.c...
compiling LYX_TIME.c...
compiling LYX_WS2812B.c...
compiling LYX_OLED_IIC.c...
compiling LYX_OLED_SPI.c...
compiling LYX_USART.c...
compiling main.c...
assembling cr4_fft_64_stm32.s...
assembling cr4_fft_256_stm32.s...
assembling cr4_fft_1024_stm32.s...
assembling context_rvds.S...
compiling cpuport.c...
compiling clock.c...
compiling components.c...
compiling idle.c...
compiling ipc.c...
compiling irq.c...
compiling kservice.c...
compiling mem.c...
compiling mempool.c...
compiling object.c...
compiling scheduler.c...
compiling thread.c...
compiling timer.c...
compiling board.c...
linking...
Program Size: Code=6006 RO-data=606 RW-data=164 ZI-data=17052  
".\OUTPUT\STM32F103C8T6_LYX_OPEN.axf" - 0 Error(s), 0 Warning(s).

*** Performing Cross-Module-Optimization:
compiling system_stm32f10x.c...
compiling test.c...
compiling LYX_SPI.c...
compiling LYX_ADC.c...
compiling LYX_CLOCK.c...
compiling LYX_DELAY.c...
compiling LYX_DMA.c...
compiling LYX_FFT.c...
compiling LYX_GPIO.c...
compiling LYX_IIC.c...
compiling LYX_KEY.c...
compiling LYX_PWM.c...
compiling LYX_WS2812B.c...
compiling LYX_OLED_IIC.c...
compiling LYX_OLED_SPI.c...
compiling main.c...
compiling cpuport.c...
compiling clock.c...
compiling components.c...
compiling idle.c...
compiling ipc.c...
compiling irq.c...
compiling kservice.c...
compiling mem.c...
compiling object.c...
compiling scheduler.c...
compiling thread.c...
compiling timer.c...
compiling board.c...
linking...
Program Size: Code=6006 RO-data=606 RW-data=164 ZI-data=17052  
FromELF: creating hex file...
".\OUTPUT\STM32F103C8T6_LYX_OPEN.axf" - 0 Error(s), 0 Warning(s).
*** Completed Cross-Module-Optimization after 2 iteration(s).

<h2>Software Packages used:</h2>

Package Vendor: RealThread
                https://www.rt-thread.org/download/mdk/RealThread.RT-Thread.3.1.5.pack
                RealThread.RT-Thread.3.1.5
                RT-Thread Software Components
   * Component: kernel Version: 3.1.5

Package Vendor: Keil
                https://www.keil.com/pack/Keil.STM32F1xx_DFP.2.4.1.pack
                Keil.STM32F1xx_DFP.2.4.1
                STMicroelectronics STM32F1 Series Device Support, Drivers and Examples

<h2>Collection of Component include folders:</h2>
  .\RTE\RTOS
  .\RTE\_Target_1
  D:\keil\Keil\STM32F1xx_DFP\2.4.1\Device\Include
  D:\keil\RealThread\RT-Thread\3.1.5\include

<h2>Collection of Component Files used:</h2>

   * Component: RealThread.RT-Thread::RTOS:kernel:3.1.5
      Source file:   src\timer.c
      Source file:   src\components.c
      Source file:   src\thread.c
      Source file:   src\object.c
      Source file:   src\clock.c
      Source file:   src\kservice.c
      Source file:   bsp\_template\board.c
      Source file:   src\mempool.c
      Source file:   libcpu\arm\cortex-m3\cpuport.c
      Source file:   libcpu\arm\cortex-m3\context_rvds.S
      Source file:   src\idle.c
      Source file:   src\mem.c
      Source file:   src\scheduler.c
      Source file:   src\irq.c
      Source file:   src\ipc.c
      Include file:  bsp\_template\rtconfig.h
Build Time Elapsed:  00:01:29
</pre>
</body>
</html>
