Component: ARM Compiler 5.06 update 7 (build 960) Tool: armlink [4d3601]

==============================================================================

Section Cross References

    startup_stm32f10x_md.o(RESET) refers to startup_stm32f10x_md.o(STACK) for __initial_sp
    startup_stm32f10x_md.o(RESET) refers to startup_stm32f10x_md.o(.text) for Reset_Handler
    startup_stm32f10x_md.o(RESET) refers to context_rvds.o(.text) for HardFault_Handler
    startup_stm32f10x_md.o(.text) refers to system_stm32f10x.o(i.SystemInit) for SystemInit
    startup_stm32f10x_md.o(.text) refers to entry.o(.ARM.Collect$$$$00000000) for __main
    system_stm32f10x.o(i.SetSysClock) refers to system_stm32f10x.o(i.SetSysClockTo72) for SetSysClockTo72
    system_stm32f10x.o(i.SystemCoreClockUpdate) refers to system_stm32f10x.o(.data) for SystemCoreClock
    system_stm32f10x.o(i.SystemInit) refers to system_stm32f10x.o(i.SetSysClock) for SetSysClock
    test.o(i.WS2812B_Reset) refers to lyx_gpio.o(i.gpio_set) for gpio_set
    test.o(i.WS2812B_Reset) refers to test.o(i.Delay_300uS) for Delay_300uS
    test.o(i.WS2812B_WriteByte) refers to lyx_gpio.o(i.gpio_set) for gpio_set
    test.o(i.WS2812B_WriteByte) refers to test.o(i.Delay_850nS) for Delay_850nS
    lyx_spi.o(i.SPI_OLED_init) refers to lyx_gpio.o(i.gpio_init) for gpio_init
    lyx_spi.o(i.SPI_OLED_init) refers to lyx_gpio.o(i.gpio_set) for gpio_set
    lyx_spi.o(i.SPI_OLED_init) refers to lyx_delay.o(i.DWT_Delay_ms) for DWT_Delay_ms
    lyx_spi.o(i.SPI_Start) refers to lyx_gpio.o(i.gpio_set) for gpio_set
    lyx_spi.o(i.SPI_Stop) refers to lyx_gpio.o(i.gpio_set) for gpio_set
    lyx_adc.o(i.adc_get) refers to lyx_adc.o(.data) for adc_index
    lyx_adc.o(i.adc_init) refers to lyx_adc.o(.data) for adc_index
    lyx_adc.o(i.adc_init) refers to lyx_gpio.o(i.gpio_init) for gpio_init
    lyx_delay.o(i.DWT_Delay) refers to lyx_delay.o(i.DWT_TS_GET) for DWT_TS_GET
    lyx_delay.o(i.DWT_Delay_ms) refers to lyx_delay.o(i.DWT_TS_GET) for DWT_TS_GET
    lyx_delay.o(i.DWT_Delay_us) refers to lyx_delay.o(i.DWT_TS_GET) for DWT_TS_GET
    lyx_dma.o(i.DMA_init) refers to lyx_fft.o(.bss) for lBufInArray
    lyx_fft.o(i.FFT_disply) refers to lyx_fft.o(.bss) for lBufMagArray
    lyx_fft.o(i.FFT_disply) refers to lyx_fft.o(c.FFT_disply.000000f2) for c.FFT_disply.000000f2
    lyx_fft.o(i.FFT_disply) refers to lyx_oled_iic.o(.bss) for OLED_gram
    lyx_fft.o(i.FFT_disply) refers to lyx_fft.o(.data) for commond_flag
    lyx_fft.o(i.FFT_disply) refers to lyx_oled_spi.o(i.OLED_SPI_Write_CMD) for OLED_SPI_Write_CMD
    lyx_fft.o(i.FFT_disply) refers to lyx_oled_spi.o(i.OLED_SPI_SetCursor) for OLED_SPI_SetCursor
    lyx_fft.o(i.FFT_disply) refers to lyx_oled_spi.o(i.OLED_SPI_Write_DAT) for OLED_SPI_Write_DAT
    lyx_fft.o(i.GetPowerMag) refers to lyx_fft.o(.bss) for lBufOutArray
    lyx_fft.o(i.GetPowerMag) refers to fflti.o(.text) for __aeabi_i2f
    lyx_fft.o(i.GetPowerMag) refers to fmul.o(.text) for __aeabi_fmul
    lyx_fft.o(i.GetPowerMag) refers to fdiv.o(.text) for __aeabi_fdiv
    lyx_fft.o(i.GetPowerMag) refers to fadd.o(.text) for __aeabi_fadd
    lyx_fft.o(i.GetPowerMag) refers to f2d.o(.text) for __aeabi_f2d
    lyx_fft.o(i.GetPowerMag) refers to sqrt.o(i.sqrt) for sqrt
    lyx_fft.o(i.GetPowerMag) refers to dmul.o(.text) for __aeabi_dmul
    lyx_fft.o(i.GetPowerMag) refers to ddiv.o(.text) for __aeabi_ddiv
    lyx_fft.o(i.GetPowerMag) refers to d2f.o(.text) for __aeabi_d2f
    lyx_fft.o(i.GetPowerMag) refers to ffixui.o(.text) for __aeabi_f2uiz
    lyx_fft.o(i.adc_sample) refers to lyx_fft.o(.bss) for lBufInArray
    lyx_fft.o(i.adc_sample) refers to lyx_adc.o(i.adc_get) for adc_get
    lyx_fft.o(i.adc_sample) refers to cr4_fft_256_stm32.o(.text) for cr4_fft_256_stm32
    lyx_fft.o(i.adc_sample) refers to lyx_fft.o(i.GetPowerMag) for GetPowerMag
    lyx_fft.o(i.wave_frequency_calculate) refers to lyx_fft.o(.data) for sample_arr
    lyx_fft.o(i.wave_frequency_calculate) refers to ffltui.o(.text) for __aeabi_ui2f
    lyx_fft.o(i.wave_frequency_calculate) refers to f2d.o(.text) for __aeabi_f2d
    lyx_fft.o(i.wave_frequency_calculate) refers to ddiv.o(.text) for __aeabi_ddiv
    lyx_fft.o(i.wave_frequency_calculate) refers to d2f.o(.text) for __aeabi_d2f
    lyx_fft.o(i.wave_frequency_calculate) refers to fmul.o(.text) for __aeabi_fmul
    lyx_fft.o(i.wave_frequency_calculate) refers to fdiv.o(.text) for __aeabi_fdiv
    lyx_gpio.o(i.gpio_dir) refers to lyx_gpio.o(.data) for gpio_group
    lyx_gpio.o(i.gpio_get) refers to lyx_gpio.o(.data) for gpio_group
    lyx_gpio.o(i.gpio_init) refers to lyx_gpio.o(i.gpio_dir) for gpio_dir
    lyx_gpio.o(i.gpio_init) refers to lyx_gpio.o(i.gpio_set) for gpio_set
    lyx_gpio.o(i.gpio_set) refers to lyx_gpio.o(.data) for gpio_group
    lyx_gpio.o(i.gpio_toggle) refers to lyx_gpio.o(.data) for gpio_group
    lyx_iic.o(i.IIC_Ack) refers to lyx_gpio.o(i.gpio_set) for gpio_set
[...]
    kservice.o(i.__rt_ffs) refers to kservice.o(.constdata) for __lowest_bit_bitmap
    kservice.o(i._rt_errno) refers to kservice.o(.data) for __rt_errno
    kservice.o(i._rt_errno) refers to irq.o(i.rt_interrupt_get_nest) for rt_interrupt_get_nest
    kservice.o(i._rt_errno) refers to thread.o(i.rt_thread_self) for rt_thread_self
    kservice.o(i.print_number) refers to kservice.o(.constdata) for large_digits
    kservice.o(i.rt_free_align) refers to mem.o(i.rt_free) for rt_free
    kservice.o(i.rt_get_errno) refers to kservice.o(.data) for __rt_errno
    kservice.o(i.rt_get_errno) refers to irq.o(i.rt_interrupt_get_nest) for rt_interrupt_get_nest
    kservice.o(i.rt_get_errno) refers to thread.o(i.rt_thread_self) for rt_thread_self
    kservice.o(i.rt_malloc_align) refers to mem.o(i.rt_malloc) for rt_malloc
    kservice.o(i.rt_set_errno) refers to kservice.o(.data) for __rt_errno
    kservice.o(i.rt_set_errno) refers to irq.o(i.rt_interrupt_get_nest) for rt_interrupt_get_nest
    kservice.o(i.rt_set_errno) refers to thread.o(i.rt_thread_self) for rt_thread_self
    kservice.o(i.rt_snprintf) refers to kservice.o(i.rt_vsnprintf) for rt_vsnprintf
    kservice.o(i.rt_sprintf) refers to kservice.o(i.rt_vsprintf) for rt_vsprintf
    kservice.o(i.rt_strdup) refers to kservice.o(i.rt_strlen) for rt_strlen
    kservice.o(i.rt_strdup) refers to mem.o(i.rt_malloc) for rt_malloc
    kservice.o(i.rt_strdup) refers to kservice.o(i.rt_memcpy) for rt_memcpy
    kservice.o(i.rt_strstr) refers to kservice.o(i.rt_strlen) for rt_strlen
    kservice.o(i.rt_strstr) refers to kservice.o(i.rt_memcmp) for rt_memcmp
    kservice.o(i.rt_vsnprintf) refers to kservice.o(.conststring) for .conststring
    kservice.o(i.rt_vsnprintf) refers to kservice.o(i.skip_atoi) for skip_atoi
    kservice.o(i.rt_vsnprintf) refers to kservice.o(i.print_number) for print_number
    kservice.o(i.rt_vsprintf) refers to kservice.o(i.rt_vsnprintf) for rt_vsnprintf
    mem.o(i.plug_holes) refers to mem.o(.data) for heap_ptr
    mem.o(i.rt_calloc) refers to mem.o(i.rt_malloc) for rt_malloc
    mem.o(i.rt_calloc) refers to kservice.o(i.rt_memset) for rt_memset
    mem.o(i.rt_free) refers to mem.o(.data) for heap_ptr
    mem.o(i.rt_free) refers to mem.o(.bss) for heap_sem
    mem.o(i.rt_free) refers to ipc.o(i.rt_sem_take) for rt_sem_take
    mem.o(i.rt_free) refers to mem.o(i.plug_holes) for plug_holes
    mem.o(i.rt_free) refers to ipc.o(i.rt_sem_release) for rt_sem_release
    mem.o(i.rt_malloc) refers to mem.o(.data) for mem_size_aligned
    mem.o(i.rt_malloc) refers to mem.o(.bss) for heap_sem
    mem.o(i.rt_malloc) refers to ipc.o(i.rt_sem_take) for rt_sem_take
    mem.o(i.rt_malloc) refers to ipc.o(i.rt_sem_release) for rt_sem_release
    mem.o(i.rt_memory_info) refers to mem.o(.data) for mem_size_aligned
    mem.o(i.rt_realloc) refers to mem.o(.data) for mem_size_aligned
    mem.o(i.rt_realloc) refers to mem.o(.bss) for heap_sem
    mem.o(i.rt_realloc) refers to mem.o(i.rt_free) for rt_free
    mem.o(i.rt_realloc) refers to mem.o(i.rt_malloc) for rt_malloc
    mem.o(i.rt_realloc) refers to ipc.o(i.rt_sem_take) for rt_sem_take
    mem.o(i.rt_realloc) refers to ipc.o(i.rt_sem_release) for rt_sem_release
    mem.o(i.rt_realloc) refers to mem.o(i.plug_holes) for plug_holes
    mem.o(i.rt_realloc) refers to kservice.o(i.rt_memcpy) for rt_memcpy
    mem.o(i.rt_system_heap_init) refers to mem.o(.data) for mem_size_aligned
    mem.o(i.rt_system_heap_init) refers to mem.o(.conststring) for .conststring
    mem.o(i.rt_system_heap_init) refers to mem.o(.bss) for heap_sem
    mem.o(i.rt_system_heap_init) refers to ipc.o(i.rt_sem_init) for rt_sem_init
    object.o(i.rt_object_allocate) refers to object.o(i.rt_object_get_information) for rt_object_get_information
    object.o(i.rt_object_allocate) refers to mem.o(i.rt_malloc) for rt_malloc
    object.o(i.rt_object_allocate) refers to kservice.o(i.rt_memset) for rt_memset
    object.o(i.rt_object_allocate) refers to kservice.o(i.rt_strncpy) for rt_strncpy
    object.o(i.rt_object_allocate) refers to context_rvds.o(.text) for rt_hw_interrupt_disable
    object.o(i.rt_object_allocate) refers to object.o(i.rt_list_insert_after) for rt_list_insert_after
    object.o(i.rt_object_delete) refers to context_rvds.o(.text) for rt_hw_interrupt_disable
    object.o(i.rt_object_delete) refers to object.o(i.rt_list_remove) for rt_list_remove
    object.o(i.rt_object_delete) refers to mem.o(i.rt_free) for rt_free
    object.o(i.rt_object_detach) refers to context_rvds.o(.text) for rt_hw_interrupt_disable
    object.o(i.rt_object_detach) refers to object.o(i.rt_list_remove) for rt_list_remove
    object.o(i.rt_object_find) refers to object.o(i.rt_object_get_information) for rt_object_get_information
    object.o(i.rt_object_find) refers to scheduler.o(i.rt_enter_critical) for rt_enter_critical
    object.o(i.rt_object_find) refers to kservice.o(i.rt_strncmp) for rt_strncmp
    object.o(i.rt_object_find) refers to scheduler.o(i.rt_exit_critical) for rt_exit_critical
    object.o(i.rt_object_get_information) refers to object.o(.data) for rt_object_container
    object.o(i.rt_object_get_length) refers to object.o(i.rt_object_get_information) for rt_object_get_information
    object.o(i.rt_object_get_length) refers to context_rvds.o(.text) for rt_hw_interrupt_disable
    object.o(i.rt_object_get_pointers) refers to object.o(i.rt_object_get_information) for rt_object_get_information
    object.o(i.rt_object_get_pointers) refers to context_rvds.o(.text) for rt_hw_interrupt_disable
    object.o(i.rt_object_init) refers to object.o(i.rt_object_get_information) for rt_object_get_information
    object.o(i.rt_object_init) refers to scheduler.o(i.rt_enter_critical) for rt_enter_critical
    object.o(i.rt_object_init) refers to scheduler.o(i.rt_exit_critical) for rt_exit_critical
    object.o(i.rt_object_init) refers to kservice.o(i.rt_strncpy) for rt_strncpy
    object.o(i.rt_object_init) refers to context_rvds.o(.text) for rt_hw_interrupt_disable
    object.o(i.rt_object_init) refers to object.o(i.rt_list_insert_after) for rt_list_insert_after
    scheduler.o(i.rt_critical_level) refers to scheduler.o(.data) for rt_scheduler_lock_nest
    scheduler.o(i.rt_enter_critical) refers to scheduler.o(.data) for rt_scheduler_lock_nest
    scheduler.o(i.rt_enter_critical) refers to context_rvds.o(.text) for rt_hw_interrupt_disable
    scheduler.o(i.rt_exit_critical) refers to scheduler.o(.data) for rt_scheduler_lock_nest
    scheduler.o(i.rt_exit_critical) refers to context_rvds.o(.text) for rt_hw_interrupt_disable
    scheduler.o(i.rt_exit_critical) refers to scheduler.o(i.rt_schedule) for rt_schedule
    scheduler.o(i.rt_schedule) refers to scheduler.o(.data) for rt_scheduler_lock_nest
    scheduler.o(i.rt_schedule) refers to scheduler.o(.bss) for rt_thread_priority_table
    scheduler.o(i.rt_schedule) refers to irq.o(.data) for rt_interrupt_nest
    scheduler.o(i.rt_schedule) refers to context_rvds.o(.text) for rt_hw_interrupt_disable
    scheduler.o(i.rt_schedule) refers to kservice.o(i.__rt_ffs) for __rt_ffs
    scheduler.o(i.rt_schedule_insert_thread) refers to scheduler.o(.bss) for rt_thread_priority_table
    scheduler.o(i.rt_schedule_insert_thread) refers to scheduler.o(.data) for rt_thread_ready_priority_group
    scheduler.o(i.rt_schedule_insert_thread) refers to context_rvds.o(.text) for rt_hw_interrupt_disable
    scheduler.o(i.rt_schedule_remove_thread) refers to scheduler.o(.bss) for rt_thread_priority_table
    scheduler.o(i.rt_schedule_remove_thread) refers to scheduler.o(.data) for rt_thread_ready_priority_group
    scheduler.o(i.rt_schedule_remove_thread) refers to context_rvds.o(.text) for rt_hw_interrupt_disable
    scheduler.o(i.rt_system_scheduler_init) refers to scheduler.o(.data) for rt_scheduler_lock_nest
    scheduler.o(i.rt_system_scheduler_init) refers to scheduler.o(.bss) for rt_thread_priority_table
    scheduler.o(i.rt_system_scheduler_init) refers to scheduler.o(i.rt_list_init) for rt_list_init
    scheduler.o(i.rt_system_scheduler_start) refers to scheduler.o(.data) for rt_thread_ready_priority_group
    scheduler.o(i.rt_system_scheduler_start) refers to scheduler.o(.bss) for rt_thread_priority_table
    scheduler.o(i.rt_system_scheduler_start) refers to kservice.o(i.__rt_ffs) for __rt_ffs
    scheduler.o(i.rt_system_scheduler_start) refers to context_rvds.o(.text) for rt_hw_context_switch_to
    thread.o(i._rt_thread_init) refers to thread.o(i.rt_thread_exit) for rt_thread_exit
    thread.o(i._rt_thread_init) refers to thread.o(i.rt_thread_timeout) for rt_thread_timeout
    thread.o(i._rt_thread_init) refers to kservice.o(i.rt_memset) for rt_memset
    thread.o(i._rt_thread_init) refers to cpuport.o(i.rt_hw_stack_init) for rt_hw_stack_init
    thread.o(i._rt_thread_init) refers to timer.o(i.rt_timer_init) for rt_timer_init
    thread.o(i._thread_cleanup_execute) refers to context_rvds.o(.text) for rt_hw_interrupt_disable
    thread.o(i.rt_thread_control) refers to context_rvds.o(.text) for rt_hw_interrupt_disable
    thread.o(i.rt_thread_control) refers to scheduler.o(i.rt_schedule_remove_thread) for rt_schedule_remove_thread
    thread.o(i.rt_thread_control) refers to scheduler.o(i.rt_schedule_insert_thread) for rt_schedule_insert_thread
    thread.o(i.rt_thread_control) refers to thread.o(i.rt_thread_startup) for rt_thread_startup
    thread.o(i.rt_thread_control) refers to object.o(i.rt_object_is_systemobject) for rt_object_is_systemobject
    thread.o(i.rt_thread_control) refers to thread.o(i.rt_thread_detach) for rt_thread_detach
    thread.o(i.rt_thread_control) refers to thread.o(i.rt_thread_delete) for rt_thread_delete
    thread.o(i.rt_thread_create) refers to object.o(i.rt_object_allocate) for rt_object_allocate
    thread.o(i.rt_thread_create) refers to mem.o(i.rt_malloc) for rt_malloc
    thread.o(i.rt_thread_create) refers to object.o(i.rt_object_delete) for rt_object_delete
    thread.o(i.rt_thread_create) refers to thread.o(i._rt_thread_init) for _rt_thread_init
    thread.o(i.rt_thread_delay) refers to thread.o(i.rt_thread_sleep) for rt_thread_sleep
    thread.o(i.rt_thread_delay_until) refers to thread.o(i.rt_thread_self) for rt_thread_self
    thread.o(i.rt_thread_delay_until) refers to context_rvds.o(.text) for rt_hw_interrupt_disable
    thread.o(i.rt_thread_delay_until) refers to clock.o(i.rt_tick_get) for rt_tick_get
    thread.o(i.rt_thread_delay_until) refers to thread.o(i.rt_thread_suspend) for rt_thread_suspend
    thread.o(i.rt_thread_delay_until) refers to timer.o(i.rt_timer_control) for rt_timer_control
    thread.o(i.rt_thread_delay_until) refers to timer.o(i.rt_timer_start) for rt_timer_start
    thread.o(i.rt_thread_delay_until) refers to scheduler.o(i.rt_schedule) for rt_schedule
    thread.o(i.rt_thread_delete) refers to scheduler.o(.data) for rt_thread_defunct
    thread.o(i.rt_thread_delete) refers to scheduler.o(i.rt_schedule_remove_thread) for rt_schedule_remove_thread
    thread.o(i.rt_thread_delete) refers to thread.o(i._thread_cleanup_execute) for _thread_cleanup_execute
    thread.o(i.rt_thread_delete) refers to timer.o(i.rt_timer_detach) for rt_timer_detach
    thread.o(i.rt_thread_delete) refers to context_rvds.o(.text) for rt_hw_interrupt_disable
    thread.o(i.rt_thread_delete) refers to thread.o(i.rt_list_insert_after) for rt_list_insert_after
    thread.o(i.rt_thread_detach) refers to scheduler.o(.data) for rt_thread_defunct
    thread.o(i.rt_thread_detach) refers to scheduler.o(i.rt_schedule_remove_thread) for rt_schedule_remove_thread
    thread.o(i.rt_thread_detach) refers to thread.o(i._thread_cleanup_execute) for _thread_cleanup_execute
    thread.o(i.rt_thread_detach) refers to timer.o(i.rt_timer_detach) for rt_timer_detach
    thread.o(i.rt_thread_detach) refers to object.o(i.rt_object_is_systemobject) for rt_object_is_systemobject
    thread.o(i.rt_thread_detach) refers to object.o(i.rt_object_detach) for rt_object_detach
    thread.o(i.rt_thread_detach) refers to context_rvds.o(.text) for rt_hw_interrupt_disable
    thread.o(i.rt_thread_detach) refers to thread.o(i.rt_list_insert_after) for rt_list_insert_after
    thread.o(i.rt_thread_exit) refers to scheduler.o(.data) for rt_current_thread
    thread.o(i.rt_thread_exit) refers to context_rvds.o(.text) for rt_hw_interrupt_disable
    thread.o(i.rt_thread_exit) refers to thread.o(i._thread_cleanup_execute) for _thread_cleanup_execute
    thread.o(i.rt_thread_exit) refers to scheduler.o(i.rt_schedule_remove_thread) for rt_schedule_remove_thread
    thread.o(i.rt_thread_exit) refers to timer.o(i.rt_timer_detach) for rt_timer_detach
    thread.o(i.rt_thread_exit) refers to object.o(i.rt_object_is_systemobject) for rt_object_is_systemobject
    thread.o(i.rt_thread_exit) refers to object.o(i.rt_object_detach) for rt_object_detach
    thread.o(i.rt_thread_exit) refers to thread.o(i.rt_list_insert_after) for rt_list_insert_after
    thread.o(i.rt_thread_exit) refers to scheduler.o(i.rt_schedule) for rt_schedule
    thread.o(i.rt_thread_find) refers to object.o(i.rt_object_find) for rt_object_find
    thread.o(i.rt_thread_init) refers to object.o(i.rt_object_init) for rt_object_init
    thread.o(i.rt_thread_init) refers to thread.o(i._rt_thread_init) for _rt_thread_init
    thread.o(i.rt_thread_mdelay) refers to clock.o(i.rt_tick_from_millisecond) for rt_tick_from_millisecond
    thread.o(i.rt_thread_mdelay) refers to thread.o(i.rt_thread_sleep) for rt_thread_sleep
    thread.o(i.rt_thread_resume) refers to context_rvds.o(.text) for rt_hw_interrupt_disable
    thread.o(i.rt_thread_resume) refers to thread.o(i.rt_list_remove) for rt_list_remove
    thread.o(i.rt_thread_resume) refers to timer.o(i.rt_timer_stop) for rt_timer_stop
    thread.o(i.rt_thread_resume) refers to scheduler.o(i.rt_schedule_insert_thread) for rt_schedule_insert_thread
    thread.o(i.rt_thread_self) refers to scheduler.o(.data) for rt_current_thread
    thread.o(i.rt_thread_sleep) refers to scheduler.o(.data) for rt_current_thread
    thread.o(i.rt_thread_sleep) refers to context_rvds.o(.text) for rt_hw_interrupt_disable
    thread.o(i.rt_thread_sleep) refers to thread.o(i.rt_thread_suspend) for rt_thread_suspend
    thread.o(i.rt_thread_sleep) refers to timer.o(i.rt_timer_control) for rt_timer_control
    thread.o(i.rt_thread_sleep) refers to timer.o(i.rt_timer_start) for rt_timer_start
    thread.o(i.rt_thread_sleep) refers to scheduler.o(i.rt_schedule) for rt_schedule
    thread.o(i.rt_thread_startup) refers to thread.o(i.rt_thread_resume) for rt_thread_resume
    thread.o(i.rt_thread_startup) refers to thread.o(i.rt_thread_self) for rt_thread_self
    thread.o(i.rt_thread_startup) refers to scheduler.o(i.rt_schedule) for rt_schedule
    thread.o(i.rt_thread_suspend) refers to context_rvds.o(.text) for rt_hw_interrupt_disable
    thread.o(i.rt_thread_suspend) refers to scheduler.o(i.rt_schedule_remove_thread) for rt_schedule_remove_thread
    thread.o(i.rt_thread_suspend) refers to timer.o(i.rt_timer_stop) for rt_timer_stop
    thread.o(i.rt_thread_timeout) refers to thread.o(i.rt_list_remove) for rt_list_remove
    thread.o(i.rt_thread_timeout) refers to scheduler.o(i.rt_schedule_insert_thread) for rt_schedule_insert_thread
    thread.o(i.rt_thread_timeout) refers to scheduler.o(i.rt_schedule) for rt_schedule
    thread.o(i.rt_thread_yield) refers to scheduler.o(.data) for rt_current_thread
    thread.o(i.rt_thread_yield) refers to scheduler.o(.bss) for rt_thread_priority_table
    thread.o(i.rt_thread_yield) refers to context_rvds.o(.text) for rt_hw_interrupt_disable
    thread.o(i.rt_thread_yield) refers to thread.o(i.rt_list_remove) for rt_list_remove
    thread.o(i.rt_thread_yield) refers to scheduler.o(i.rt_schedule) for rt_schedule
    timer.o(i._rt_timer_init) refers to timer.o(i.rt_list_init) for rt_list_init
    timer.o(i._rt_timer_remove) refers to timer.o(i.rt_list_remove) for rt_list_remove
    timer.o(i.rt_system_timer_init) refers to timer.o(.data) for rt_timer_list
    timer.o(i.rt_system_timer_init) refers to timer.o(i.rt_list_init) for rt_list_init
    timer.o(i.rt_timer_check) refers to timer.o(.data) for rt_timer_list
    timer.o(i.rt_timer_check) refers to timer.o(i.rt_list_init) for rt_list_init
    timer.o(i.rt_timer_check) refers to clock.o(i.rt_tick_get) for rt_tick_get
    timer.o(i.rt_timer_check) refers to context_rvds.o(.text) for rt_hw_interrupt_disable
    timer.o(i.rt_timer_check) refers to timer.o(i._rt_timer_remove) for _rt_timer_remove
    timer.o(i.rt_timer_check) refers to timer.o(i.rt_list_insert_after) for rt_list_insert_after
    timer.o(i.rt_timer_check) refers to timer.o(i.rt_list_isempty) for rt_list_isempty
    timer.o(i.rt_timer_check) refers to timer.o(i.rt_list_remove) for rt_list_remove
    timer.o(i.rt_timer_check) refers to timer.o(i.rt_timer_start) for rt_timer_start
    timer.o(i.rt_timer_control) refers to timer.o(c.rt_timer_control.00000014) for c.rt_timer_control.00000014
    timer.o(i.rt_timer_control) refers to context_rvds.o(.text) for rt_hw_interrupt_disable
    timer.o(i.rt_timer_create) refers to object.o(i.rt_object_allocate) for rt_object_allocate
    timer.o(i.rt_timer_create) refers to timer.o(i._rt_timer_init) for _rt_timer_init
    timer.o(i.rt_timer_delete) refers to context_rvds.o(.text) for rt_hw_interrupt_disable
    timer.o(i.rt_timer_delete) refers to timer.o(i._rt_timer_remove) for _rt_timer_remove
    timer.o(i.rt_timer_delete) refers to object.o(i.rt_object_delete) for rt_object_delete
    timer.o(i.rt_timer_detach) refers to context_rvds.o(.text) for rt_hw_interrupt_disable
    timer.o(i.rt_timer_detach) refers to timer.o(i._rt_timer_remove) for _rt_timer_remove
    timer.o(i.rt_timer_detach) refers to object.o(i.rt_object_detach) for rt_object_detach
    timer.o(i.rt_timer_init) refers to object.o(i.rt_object_init) for rt_object_init
    timer.o(i.rt_timer_init) refers to timer.o(i._rt_timer_init) for _rt_timer_init
    timer.o(i.rt_timer_list_next_timeout) refers to context_rvds.o(.text) for rt_hw_interrupt_disable
    timer.o(i.rt_timer_list_next_timeout) refers to timer.o(i.rt_list_isempty) for rt_list_isempty
    timer.o(i.rt_timer_next_timeout_tick) refers to timer.o(.data) for rt_timer_list
    timer.o(i.rt_timer_next_timeout_tick) refers to timer.o(i.rt_timer_list_next_timeout) for rt_timer_list_next_timeout
    timer.o(i.rt_timer_start) refers to timer.o(.data) for rt_timer_list
    timer.o(i.rt_timer_start) refers to context_rvds.o(.text) for rt_hw_interrupt_disable
    timer.o(i.rt_timer_start) refers to timer.o(i._rt_timer_remove) for _rt_timer_remove
    timer.o(i.rt_timer_start) refers to clock.o(i.rt_tick_get) for rt_tick_get
    timer.o(i.rt_timer_start) refers to timer.o(i.rt_list_insert_after) for rt_list_insert_after
    timer.o(i.rt_timer_stop) refers to context_rvds.o(.text) for rt_hw_interrupt_disable
    timer.o(i.rt_timer_stop) refers to timer.o(i._rt_timer_remove) for _rt_timer_remove
    board.o(i.rt_heap_begin_get) refers to board.o(.bss) for rt_heap
    board.o(i.rt_heap_end_get) refers to board.o(.bss) for rt_heap
    board.o(i.rt_hw_board_init) refers to components.o(i.rt_components_board_init) for rt_components_board_init
    board.o(i.rt_hw_board_init) refers to board.o(i.rt_heap_end_get) for rt_heap_end_get
    board.o(i.rt_hw_board_init) refers to board.o(i.rt_heap_begin_get) for rt_heap_begin_get
    board.o(i.rt_hw_board_init) refers to mem.o(i.rt_system_heap_init) for rt_system_heap_init
    board.o(i.rt_os_tick_callback) refers to irq.o(i.rt_interrupt_enter) for rt_interrupt_enter
    board.o(i.rt_os_tick_callback) refers to clock.o(i.rt_tick_increase) for rt_tick_increase
    board.o(i.rt_os_tick_callback) refers to irq.o(i.rt_interrupt_leave) for rt_interrupt_leave
    sqrt.o(i.__softfp_sqrt) refers (Special) to iusefp.o(.text) for __I$use$fp
    sqrt.o(i.__softfp_sqrt) refers to dsqrt.o(.text) for _dsqrt
    sqrt.o(i.__softfp_sqrt) refers to errno.o(i.__set_errno) for __set_errno
    sqrt.o(i.sqrt) refers (Special) to iusefp.o(.text) for __I$use$fp
    sqrt.o(i.sqrt) refers to dsqrt.o(.text) for _dsqrt
    sqrt.o(i.sqrt) refers to errno.o(i.__set_errno) for __set_errno
    sqrt_x.o(i.____softfp_sqrt$lsc) refers (Special) to iusefp.o(.text) for __I$use$fp
    sqrt_x.o(i.____softfp_sqrt$lsc) refers to cdcmple.o(.text) for __aeabi_cdcmple
    sqrt_x.o(i.____softfp_sqrt$lsc) refers to errno.o(i.__set_errno) for __set_errno
    sqrt_x.o(i.____softfp_sqrt$lsc) refers to dsqrt.o(.text) for _dsqrt
    sqrt_x.o(i.__sqrt$lsc) refers (Special) to iusefp.o(.text) for __I$use$fp
    sqrt_x.o(i.__sqrt$lsc) refers to cdcmple.o(.text) for __aeabi_cdcmple
    sqrt_x.o(i.__sqrt$lsc) refers to errno.o(i.__set_errno) for __set_errno
    sqrt_x.o(i.__sqrt$lsc) refers to dsqrt.o(.text) for _dsqrt
    entry.o(.ARM.Collect$$$$00000000) refers (Special) to entry10a.o(.ARM.Collect$$$$0000000F) for __rt_final_cpp
    entry.o(.ARM.Collect$$$$00000000) refers (Special) to entry11a.o(.ARM.Collect$$$$00000011) for __rt_final_exit
    entry.o(.ARM.Collect$$$$00000000) refers (Special) to entry12b.o(.ARM.Collect$$$$0000000E) for __rt_lib_shutdown_fini
    entry.o(.ARM.Collect$$$$00000000) refers (Special) to entry7b.o(.ARM.Collect$$$$00000008) for _main_clock
    entry.o(.ARM.Collect$$$$00000000) refers (Special) to entry8b.o(.ARM.Collect$$$$0000000A) for _main_cpp_init
    entry.o(.ARM.Collect$$$$00000000) refers (Special) to entry9a.o(.ARM.Collect$$$$0000000B) for _main_init
    entry.o(.ARM.Collect$$$$00000000) refers (Special) to entry5.o(.ARM.Collect$$$$00000004) for _main_scatterload
    entry.o(.ARM.Collect$$$$00000000) refers (Special) to entry2.o(.ARM.Collect$$$$00000001) for _main_stk
    fadd.o(.text) refers (Special) to iusefp.o(.text) for __I$use$fp
    fadd.o(.text) refers to fepilogue.o(.text) for _float_epilogue
    fmul.o(.text) refers (Special) to iusefp.o(.text) for __I$use$fp
    fdiv.o(.text) refers (Special) to iusefp.o(.text) for __I$use$fp
    fdiv.o(.text) refers to fepilogue.o(.text) for _float_round
    dmul.o(.text) refers (Special) to iusefp.o(.text) for __I$use$fp
    dmul.o(.text) refers to depilogue.o(.text) for _double_epilogue
    ddiv.o(.text) refers (Special) to iusefp.o(.text) for __I$use$fp
    ddiv.o(.text) refers to depilogue.o(.text) for _double_round
    fflti.o(.text) refers (Special) to iusefp.o(.text) for __I$use$fp
    fflti.o(.text) refers to fepilogue.o(.text) for _float_epilogue
    ffltui.o(.text) refers (Special) to iusefp.o(.text) for __I$use$fp
    ffltui.o(.text) refers to fepilogue.o(.text) for _float_epilogue
    ffixui.o(.text) refers (Special) to iusefp.o(.text) for __I$use$fp
    f2d.o(.text) refers (Special) to iusefp.o(.text) for __I$use$fp
    d2f.o(.text) refers (Special) to iusefp.o(.text) for __I$use$fp
    d2f.o(.text) refers to fepilogue.o(.text) for _float_round
    entry2.o(.ARM.Collect$$$$00000001) refers to entry2.o(.ARM.Collect$$$$00002712) for __lit__00000000
    entry2.o(.ARM.Collect$$$$00002712) refers to startup_stm32f10x_md.o(STACK) for __initial_sp
    entry2.o(__vectab_stack_and_reset_area) refers to startup_stm32f10x_md.o(STACK) for __initial_sp
    entry2.o(__vectab_stack_and_reset_area) refers to entry.o(.ARM.Collect$$$$00000000) for __main
    entry5.o(.ARM.Collect$$$$00000004) refers to init.o(.text) for __scatterload
    entry9a.o(.ARM.Collect$$$$0000000B) refers to components.o(i.$Sub$$main) for main
    entry9b.o(.ARM.Collect$$$$0000000C) refers to components.o(i.$Sub$$main) for main
    errno.o(i.__aeabi_errno_addr) refers to errno.o(.data) for .data
    errno.o(i.__read_errno) refers to errno.o(.data) for .data
    errno.o(i.__set_errno) refers to errno.o(.data) for .data
    depilogue.o(.text) refers to llshl.o(.text) for __aeabi_llsl
    depilogue.o(.text) refers to llushr.o(.text) for __aeabi_llsr
    dsqrt.o(.text) refers to llushr.o(.text) for __aeabi_llsr
    dsqrt.o(.text) refers to depilogue.o(.text) for _double_round
    init.o(.text) refers to entry5.o(.ARM.Collect$$$$00000004) for __main_after_scatterload


==============================================================================

Removing Unused input sections from the image.

    Removing startup_stm32f10x_md.o(HEAP), (512 bytes).
    Removing system_stm32f10x.o(i.SystemCoreClockUpdate), (262 bytes).
    Removing system_stm32f10x.o(.data), (20 bytes).
    Removing test.o(i.Delay_300uS), (44 bytes).
    Removing test.o(i.Delay_850nS), (54 bytes).
    Removing test.o(i.WS2812B_Reset), (16 bytes).
    Removing test.o(i.WS2812B_WriteByte), (130 bytes).
    Removing lyx_spi.o(i.SPI_OLED_init), (114 bytes).
    Removing lyx_spi.o(i.SPI_Start), (28 bytes).
    Removing lyx_spi.o(i.SPI_Stop), (12 bytes).
    Removing lyx_adc.o(i.adc_get), (118 bytes).
    Removing lyx_adc.o(i.adc_init), (500 bytes).
    Removing lyx_adc.o(.data), (8 bytes).
    Removing lyx_delay.o(i.DWT_Delay), (44 bytes).
    Removing lyx_delay.o(i.DWT_Delay_ms), (60 bytes).
    Removing lyx_delay.o(i.DWT_Delay_us), (56 bytes).
    Removing lyx_delay.o(i.DWT_TS_GET), (12 bytes).
    Removing lyx_delay.o(i.DWT_init), (48 bytes).
    Removing lyx_dma.o(i.DMA_init), (184 bytes).
    Removing lyx_fft.o(i.FFT_disply), (576 bytes).
    Removing lyx_fft.o(i.GetPowerMag), (254 bytes).
    Removing lyx_fft.o(i.adc_sample), (54 bytes).
    Removing lyx_fft.o(i.wave_frequency_calculate), (134 bytes).
    Removing lyx_fft.o(.bss), (2048 bytes).
    Removing lyx_fft.o(.data), (21 bytes).
    Removing lyx_fft.o(c.FFT_disply.000000f2), (8 bytes).
    Removing lyx_font.o(.constdata), (3720 bytes).
    Removing lyx_gpio.o(i.gpio_get), (38 bytes).
    Removing lyx_gpio.o(i.gpio_toggle), (44 bytes).
    Removing lyx_iic.o(i.IIC_Ack), (60 bytes).
    Removing lyx_iic.o(i.IIC_NAck), (60 bytes).
    Removing lyx_iic.o(i.IIC_OLED_init), (36 bytes).
    Removing lyx_iic.o(i.IIC_Read_Byte), (78 bytes).
    Removing lyx_iic.o(i.IIC_Send_Byte), (88 bytes).
    Removing lyx_iic.o(i.IIC_Start), (48 bytes).
    Removing lyx_iic.o(i.IIC_Stop), (48 bytes).
    Removing lyx_iic.o(i.IIC_Wait_Ack), (72 bytes).
    Removing lyx_key.o(i.key), (150 bytes).
    Removing lyx_pwm.o(i.pwm_duty), (524 bytes).
    Removing lyx_pwm.o(i.pwm_init), (2246 bytes).
    Removing lyx_pwm.o(.data), (16 bytes).
    Removing lyx_ws2812b.o(i.ws2812_pwm_int), (28 bytes).
    Removing lyx_ws2812b.o(i.ws2812_send_0), (34 bytes).
    Removing lyx_ws2812b.o(i.ws2812_send_1), (34 bytes).
    Removing lyx_ws2812b.o(i.ws2812_send_RGB), (56 bytes).
    Removing lyx_ws2812b.o(i.ws2812_send_bit), (314 bytes).
    Removing lyx_ws2812b.o(i.ws2812_send_rest), (168 bytes).
    Removing lyx_ws2812b.o(.bss), (33 bytes).
    Removing lyx_ws2812b.o(c.ws2812_send_bit.0000000a), (9 bytes).
    Removing lyx_ws2812b.o(c.ws2812_send_rest.00000008), (9 bytes).
    Removing lyx_oled_iic.o(i.OLED_IIC_Clear), (86 bytes).
    Removing lyx_oled_iic.o(i.OLED_IIC_DrawPoint), (122 bytes).
    Removing lyx_oled_iic.o(i.OLED_IIC_SetCursor), (44 bytes).
    Removing lyx_oled_iic.o(i.OLED_IIC_ShowChar), (102 bytes).
    Removing lyx_oled_iic.o(i.OLED_IIC_Write_CMD), (32 bytes).
    Removing lyx_oled_iic.o(i.OLED_IIC_Write_DAT), (32 bytes).
    Removing lyx_oled_iic.o(i.OLED_IIC_dis_bmp), (472 bytes).
    Removing lyx_oled_iic.o(i.OLED_IIC_display), (2 bytes).
    Removing lyx_oled_iic.o(i.OLED_IIC_fill), (58 bytes).
    Removing lyx_oled_iic.o(i.OLED_IIC_full), (42 bytes).
    Removing lyx_oled_iic.o(i.OLED_IIC_init), (166 bytes).
    Removing lyx_oled_iic.o(i.OLED_IIC_int16), (68 bytes).
    Removing lyx_oled_iic.o(i.OLED_IIC_p6x8str), (102 bytes).
    Removing lyx_oled_iic.o(i.OLED_IIC_p8x16str), (154 bytes).
    Removing lyx_oled_iic.o(i.OLED_IIC_print_chinese), (96 bytes).
    Removing lyx_oled_iic.o(i.OLED_IIC_printf_float), (8 bytes).
    Removing lyx_oled_iic.o(i.OLED_IIC_printf_int32), (78 bytes).
    Removing lyx_oled_iic.o(i.OLED_IIC_putpixel), (52 bytes).
    Removing lyx_oled_iic.o(i.OLED_IIC_uint16), (22 bytes).
    Removing lyx_oled_iic.o(i.OLED_clrpixel), (50 bytes).
    Removing lyx_oled_iic.o(i.oled_IIC_uint16), (298 bytes).
    Removing lyx_oled_iic.o(.bss), (1024 bytes).
    Removing lyx_oled_iic.o(.conststring), (6 bytes).
    Removing lyx_oled_iic.o(c.OLED_IIC_DrawPoint.00000032), (8 bytes).
    Removing lyx_oled_spi.o(i.OLED_SPI_Clear), (86 bytes).
    Removing lyx_oled_spi.o(i.OLED_SPI_SetCursor), (40 bytes).
    Removing lyx_oled_spi.o(i.OLED_SPI_Write_CMD), (80 bytes).
    Removing lyx_oled_spi.o(i.OLED_SPI_Write_DAT), (72 bytes).
    Removing lyx_oled_spi.o(i.OLED_SPI_full), (58 bytes).
    Removing lyx_oled_spi.o(i.OLED_SPI_init), (168 bytes).
    Removing lyx_oled_spi.o(i.OLED_SPI_p6x8str), (102 bytes).
    Removing lyx_oled_spi.o(i.OLED_SPI_p8x16str), (154 bytes).
    Removing lyx_oled_spi.o(i.OLED_SPI_putpixel), (52 bytes).
    Removing cr4_fft_64_stm32.o(.text), (718 bytes).
    Removing cr4_fft_256_stm32.o(.text), (1502 bytes).
    Removing cr4_fft_1024_stm32.o(.text), (4576 bytes).
    Removing cpuport.o(i.rt_hw_cpu_reset), (18 bytes).
    Removing cpuport.o(i.rt_hw_cpu_shutdown), (2 bytes).
    Removing cpuport.o(i.rt_hw_exception_install), (12 bytes).
    Removing clock.o(i.rt_system_tick_init), (2 bytes).
    Removing clock.o(i.rt_tick_from_millisecond), (56 bytes).
    Removing clock.o(i.rt_tick_increase), (54 bytes).
    Removing clock.o(i.rt_tick_set), (28 bytes).
    Removing idle.o(i.rt_thread_idle_gethandler), (10 bytes).
    Removing ipc.o(i.rt_ipc_list_resume_all), (50 bytes).
    Removing ipc.o(i.rt_mb_control), (66 bytes).
    Removing ipc.o(i.rt_mb_create), (82 bytes).
    Removing ipc.o(i.rt_mb_delete), (36 bytes).
    Removing ipc.o(i.rt_mb_detach), (30 bytes).
    Removing ipc.o(i.rt_mb_init), (62 bytes).
    Removing ipc.o(i.rt_mb_recv), (250 bytes).
    Removing ipc.o(i.rt_mb_send), (18 bytes).
    Removing ipc.o(i.rt_mb_send_wait), (270 bytes).
    Removing ipc.o(i.rt_sem_control), (54 bytes).
    Removing ipc.o(i.rt_sem_create), (42 bytes).
    Removing ipc.o(i.rt_sem_delete), (22 bytes).
    Removing ipc.o(i.rt_sem_detach), (22 bytes).
    Removing ipc.o(i.rt_sem_trytake), (14 bytes).
    Removing irq.o(i.rt_interrupt_enter), (38 bytes).
    Removing irq.o(i.rt_interrupt_get_nest), (28 bytes).
    Removing irq.o(i.rt_interrupt_leave), (38 bytes).
    Removing kservice.o(i._rt_errno), (42 bytes).
    Removing kservice.o(i.print_number), (408 bytes).
    Removing kservice.o(i.rt_free_align), (16 bytes).
    Removing kservice.o(i.rt_get_errno), (44 bytes).
    Removing kservice.o(i.rt_malloc_align), (70 bytes).
    Removing kservice.o(i.rt_memcmp), (38 bytes).
    Removing kservice.o(i.rt_memcpy), (124 bytes).
    Removing kservice.o(i.rt_memmove), (66 bytes).
    Removing kservice.o(i.rt_set_errno), (48 bytes).
    Removing kservice.o(i.rt_snprintf), (38 bytes).
    Removing kservice.o(i.rt_sprintf), (34 bytes).
    Removing kservice.o(i.rt_strcasecmp), (48 bytes).
    Removing kservice.o(i.rt_strcmp), (28 bytes).
    Removing kservice.o(i.rt_strdup), (40 bytes).
    Removing kservice.o(i.rt_strlen), (18 bytes).
    Removing kservice.o(i.rt_strncmp), (40 bytes).
    Removing kservice.o(i.rt_strnlen), (24 bytes).
    Removing kservice.o(i.rt_strstr), (58 bytes).
    Removing kservice.o(i.rt_vsnprintf), (830 bytes).
    Removing kservice.o(i.rt_vsprintf), (22 bytes).
    Removing kservice.o(i.skip_atoi), (38 bytes).
    Removing kservice.o(.conststring), (7 bytes).
    Removing kservice.o(.data), (4 bytes).
    Removing mem.o(i.rt_calloc), (34 bytes).
    Removing mem.o(i.rt_memory_info), (44 bytes).
    Removing mem.o(i.rt_realloc), (382 bytes).
    Removing object.o(i.rt_object_find), (82 bytes).
    Removing object.o(i.rt_object_get_length), (58 bytes).
    Removing object.o(i.rt_object_get_pointers), (86 bytes).
    Removing object.o(i.rt_object_get_type), (10 bytes).
    Removing object.o(i.rt_system_object_init), (2 bytes).
    Removing scheduler.o(i.rt_critical_level), (14 bytes).
    Removing thread.o(i.rt_thread_control), (136 bytes).
    Removing thread.o(i.rt_thread_delay), (12 bytes).
    Removing thread.o(i.rt_thread_delay_until), (110 bytes).
    Removing thread.o(i.rt_thread_delete), (88 bytes).
    Removing thread.o(i.rt_thread_detach), (106 bytes).
    Removing thread.o(i.rt_thread_find), (14 bytes).
    Removing thread.o(i.rt_thread_mdelay), (20 bytes).
    Removing thread.o(i.rt_thread_sleep), (68 bytes).
    Removing thread.o(i.rt_thread_yield), (104 bytes).
    Removing timer.o(i.rt_list_isempty), (16 bytes).
    Removing timer.o(i.rt_timer_check), (172 bytes).
    Removing timer.o(i.rt_timer_create), (54 bytes).
    Removing timer.o(i.rt_timer_delete), (40 bytes).
    Removing timer.o(i.rt_timer_list_next_timeout), (44 bytes).
    Removing timer.o(i.rt_timer_next_timeout_tick), (16 bytes).
    Removing board.o(i.rt_os_tick_callback), (16 bytes).
    Removing fadd.o(.text), (176 bytes).
    Removing fmul.o(.text), (100 bytes).
    Removing fdiv.o(.text), (124 bytes).
    Removing dmul.o(.text), (228 bytes).
    Removing ddiv.o(.text), (222 bytes).
    Removing fflti.o(.text), (18 bytes).
    Removing ffltui.o(.text), (10 bytes).
    Removing ffixui.o(.text), (40 bytes).
    Removing f2d.o(.text), (38 bytes).
    Removing d2f.o(.text), (56 bytes).
    Removing fepilogue.o(.text), (110 bytes).
    Removing depilogue.o(.text), (186 bytes).
    Removing dsqrt.o(.text), (162 bytes).
    Removing cdcmple.o(.text), (48 bytes).

173 unused section(s) (total 30597 bytes) removed from the image.

==============================================================================

Image Symbol Table

    Local Symbols

    Symbol Name                              Value     Ov Type        Size  Object(Section)

    ../clib/microlib/errno.c                 0x00000000   Number         0  errno.o ABSOLUTE
    ../clib/microlib/init/entry.s            0x00000000   Number         0  entry8b.o ABSOLUTE
    ../clib/microlib/init/entry.s            0x00000000   Number         0  entry2.o ABSOLUTE
    ../clib/microlib/init/entry.s            0x00000000   Number         0  entry8a.o ABSOLUTE
    ../clib/microlib/init/entry.s            0x00000000   Number         0  entry9a.o ABSOLUTE
    ../clib/microlib/init/entry.s            0x00000000   Number         0  entry9b.o ABSOLUTE
    ../clib/microlib/init/entry.s            0x00000000   Number         0  entry10a.o ABSOLUTE
    ../clib/microlib/init/entry.s            0x00000000   Number         0  entry7a.o ABSOLUTE
    ../clib/microlib/init/entry.s            0x00000000   Number         0  entry10b.o ABSOLUTE
    ../clib/microlib/init/entry.s            0x00000000   Number         0  entry11a.o ABSOLUTE
    ../clib/microlib/init/entry.s            0x00000000   Number         0  entry11b.o ABSOLUTE
    ../clib/microlib/init/entry.s            0x00000000   Number         0  entry12a.o ABSOLUTE
    ../clib/microlib/init/entry.s            0x00000000   Number         0  entry12b.o ABSOLUTE
    ../clib/microlib/init/entry.s            0x00000000   Number         0  entry7b.o ABSOLUTE
    ../clib/microlib/init/entry.s            0x00000000   Number         0  entry5.o ABSOLUTE
    ../clib/microlib/init/entry.s            0x00000000   Number         0  entry.o ABSOLUTE
    ../clib/microlib/longlong.c              0x00000000   Number         0  llshl.o ABSOLUTE
    ../clib/microlib/longlong.c              0x00000000   Number         0  llushr.o ABSOLUTE
    ../clib/microlib/stubs.s                 0x00000000   Number         0  iusefp.o ABSOLUTE
    ../fplib/microlib/d2f.c                  0x00000000   Number         0  d2f.o ABSOLUTE
    ../fplib/microlib/f2d.c                  0x00000000   Number         0  f2d.o ABSOLUTE
    ../fplib/microlib/fpadd.c                0x00000000   Number         0  fadd.o ABSOLUTE
    ../fplib/microlib/fpdiv.c                0x00000000   Number         0  ddiv.o ABSOLUTE
    ../fplib/microlib/fpdiv.c                0x00000000   Number         0  fdiv.o ABSOLUTE
    ../fplib/microlib/fpepilogue.c           0x00000000   Number         0  depilogue.o ABSOLUTE
    ../fplib/microlib/fpepilogue.c           0x00000000   Number         0  fepilogue.o ABSOLUTE
    ../fplib/microlib/fpfix.c                0x00000000   Number         0  ffixui.o ABSOLUTE
    ../fplib/microlib/fpflt.c                0x00000000   Number         0  fflti.o ABSOLUTE
    ../fplib/microlib/fpflt.c                0x00000000   Number         0  ffltui.o ABSOLUTE
    ../fplib/microlib/fpmul.c                0x00000000   Number         0  dmul.o ABSOLUTE
    ../fplib/microlib/fpmul.c                0x00000000   Number         0  fmul.o ABSOLUTE
    ../fplib/microlib/fpsqrt.c               0x00000000   Number         0  dsqrt.o ABSOLUTE
    ../mathlib/sqrt.c                        0x00000000   Number         0  sqrt.o ABSOLUTE
    ../mathlib/sqrt.c                        0x00000000   Number         0  sqrt_x.o ABSOLUTE
    D:\keil\RealThread\RT-Thread\3.1.5\libcpu\arm\cortex-m3\context_rvds.S 0x00000000   Number         0  context_rvds.o ABSOLUTE
    D:\keil\RealThread\RT-Thread\3.1.5\libcpu\arm\cortex-m3\cpuport.c 0x00000000   Number         0  cpuport.o ABSOLUTE
    D:\keil\RealThread\RT-Thread\3.1.5\src\clock.c 0x00000000   Number         0  clock.o ABSOLUTE
    D:\keil\RealThread\RT-Thread\3.1.5\src\components.c 0x00000000   Number         0  components.o ABSOLUTE
    D:\keil\RealThread\RT-Thread\3.1.5\src\idle.c 0x00000000   Number         0  idle.o ABSOLUTE
    D:\keil\RealThread\RT-Thread\3.1.5\src\ipc.c 0x00000000   Number         0  ipc.o ABSOLUTE
    D:\keil\RealThread\RT-Thread\3.1.5\src\irq.c 0x00000000   Number         0  irq.o ABSOLUTE
    D:\keil\RealThread\RT-Thread\3.1.5\src\kservice.c 0x00000000   Number         0  kservice.o ABSOLUTE
    D:\keil\RealThread\RT-Thread\3.1.5\src\mem.c 0x00000000   Number         0  mem.o ABSOLUTE
    D:\keil\RealThread\RT-Thread\3.1.5\src\mempool.c 0x00000000   Number         0  mempool.o ABSOLUTE
    D:\keil\RealThread\RT-Thread\3.1.5\src\object.c 0x00000000   Number         0  object.o ABSOLUTE
    D:\keil\RealThread\RT-Thread\3.1.5\src\scheduler.c 0x00000000   Number         0  scheduler.o ABSOLUTE
    D:\keil\RealThread\RT-Thread\3.1.5\src\thread.c 0x00000000   Number         0  thread.o ABSOLUTE
    D:\keil\RealThread\RT-Thread\3.1.5\src\timer.c 0x00000000   Number         0  timer.o ABSOLUTE
    DRIVER\C\LYX_ADC.c                       0x00000000   Number         0  lyx_adc.o ABSOLUTE
    DRIVER\C\LYX_CLOCK.c                     0x00000000   Number         0  lyx_clock.o ABSOLUTE
    DRIVER\C\LYX_DELAY.c                     0x00000000   Number         0  lyx_delay.o ABSOLUTE
    DRIVER\C\LYX_DMA.c                       0x00000000   Number         0  lyx_dma.o ABSOLUTE
    DRIVER\C\LYX_FFT.c                       0x00000000   Number         0  lyx_fft.o ABSOLUTE
    DRIVER\C\LYX_FONT.c                      0x00000000   Number         0  lyx_font.o ABSOLUTE
    DRIVER\C\LYX_GPIO.c                      0x00000000   Number         0  lyx_gpio.o ABSOLUTE
    DRIVER\C\LYX_IIC.c                       0x00000000   Number         0  lyx_iic.o ABSOLUTE
    DRIVER\C\LYX_KEY.c                       0x00000000   Number         0  lyx_key.o ABSOLUTE
    DRIVER\C\LYX_OLED_IIC.c                  0x00000000   Number         0  lyx_oled_iic.o ABSOLUTE
    DRIVER\C\LYX_OLED_SPI.c                  0x00000000   Number         0  lyx_oled_spi.o ABSOLUTE
    DRIVER\C\LYX_PWM.c                       0x00000000   Number         0  lyx_pwm.o ABSOLUTE
    DRIVER\C\LYX_SPI.c                       0x00000000   Number         0  lyx_spi.o ABSOLUTE
    DRIVER\C\LYX_TIME.c                      0x00000000   Number         0  lyx_time.o ABSOLUTE
    DRIVER\C\LYX_USART.c                     0x00000000   Number         0  lyx_usart.o ABSOLUTE
    DRIVER\C\LYX_WS2812B.c                   0x00000000   Number         0  lyx_ws2812b.o ABSOLUTE
    DRIVER\C\test.c                          0x00000000   Number         0  test.o ABSOLUTE
    Libraries\CMSIS\startup\startup_stm32f10x_md.s 0x00000000   Number         0  startup_stm32f10x_md.o ABSOLUTE
    Libraries\CMSIS\system_stm32f10x.c       0x00000000   Number         0  system_stm32f10x.o ABSOLUTE
    Libraries\DSP_library\cr4_fft_1024_stm32.s 0x00000000   Number         0  cr4_fft_1024_stm32.o ABSOLUTE
    Libraries\DSP_library\cr4_fft_256_stm32.s 0x00000000   Number         0  cr4_fft_256_stm32.o ABSOLUTE
    Libraries\DSP_library\cr4_fft_64_stm32.s 0x00000000   Number         0  cr4_fft_64_stm32.o ABSOLUTE
    RTE\RTOS\board.c                         0x00000000   Number         0  board.o ABSOLUTE
    User\main.c                              0x00000000   Number         0  main.o ABSOLUTE
    cdcmple.s                                0x00000000   Number         0  cdcmple.o ABSOLUTE
    dc.s                                     0x00000000   Number         0  dc.o ABSOLUTE
    handlers.s                               0x00000000   Number         0  handlers.o ABSOLUTE
    init.s                                   0x00000000   Number         0  init.o ABSOLUTE
    RESET                                    0x08000000   Section      236  startup_stm32f10x_md.o(RESET)
    .ARM.Collect$$$$00000000                 0x080000ec   Section        0  entry.o(.ARM.Collect$$$$00000000)
    .ARM.Collect$$$$00000001                 0x080000ec   Section        4  entry2.o(.ARM.Collect$$$$00000001)
    .ARM.Collect$$$$00000004                 0x080000f0   Section        4  entry5.o(.ARM.Collect$$$$00000004)
    .ARM.Collect$$$$00000008                 0x080000f4   Section        0  entry7b.o(.ARM.Collect$$$$00000008)
    .ARM.Collect$$$$0000000A                 0x080000f4   Section        0  entry8b.o(.ARM.Collect$$$$0000000A)
    .ARM.Collect$$$$0000000B                 0x080000f4   Section        8  entry9a.o(.ARM.Collect$$$$0000000B)
    .ARM.Collect$$$$0000000E                 0x080000fc   Section        4  entry12b.o(.ARM.Collect$$$$0000000E)
    .ARM.Collect$$$$0000000F                 0x08000100   Section        0  entry10a.o(.ARM.Collect$$$$0000000F)
    .ARM.Collect$$$$00000011                 0x08000100   Section        0  entry11a.o(.ARM.Collect$$$$00000011)
    .ARM.Collect$$$$00002712                 0x08000100   Section        4  entry2.o(.ARM.Collect$$$$00002712)
    __lit__00000000                          0x08000100   Data           4  entry2.o(.ARM.Collect$$$$00002712)
    .text                                    0x08000104   Section       36  startup_stm32f10x_md.o(.text)
    .text                                    0x08000128   Section      244  context_rvds.o(.text)
    .text                                    0x0800021c   Section       36  init.o(.text)
    i.$Sub$$main                             0x08000240   Section        0  components.o(i.$Sub$$main)
    i.CLOCK_int                              0x0800024a   Section        0  lyx_clock.o(i.CLOCK_int)
    i.SetSysClock                            0x080002fa   Section        0  system_stm32f10x.o(i.SetSysClock)
    SetSysClock                              0x080002fb   Thumb Code     8  system_stm32f10x.o(i.SetSysClock)
    i.SetSysClockTo72                        0x08000302   Section        0  system_stm32f10x.o(i.SetSysClockTo72)
    SetSysClockTo72                          0x08000303   Thumb Code   286  system_stm32f10x.o(i.SetSysClockTo72)
    i.SystemInit                             0x08000420   Section        0  system_stm32f10x.o(i.SystemInit)
    i.__rt_ffs                               0x0800048c   Section        0  kservice.o(i.__rt_ffs)
    i.__scatterload_copy                     0x080004ea   Section       14  handlers.o(i.__scatterload_copy)
    i.__scatterload_null                     0x080004f8   Section        2  handlers.o(i.__scatterload_null)
    i.__scatterload_zeroinit                 0x080004fa   Section       14  handlers.o(i.__scatterload_zeroinit)
    i._rt_thread_init                        0x08000508   Section        0  thread.o(i._rt_thread_init)
    _rt_thread_init                          0x08000509   Thumb Code   136  thread.o(i._rt_thread_init)
    i._rt_timer_init                         0x08000590   Section        0  timer.o(i._rt_timer_init)
    _rt_timer_init                           0x08000591   Thumb Code    66  timer.o(i._rt_timer_init)
    i._rt_timer_remove                       0x080005d2   Section        0  timer.o(i._rt_timer_remove)
    _rt_timer_remove                         0x080005d3   Thumb Code    28  timer.o(i._rt_timer_remove)
    i._thread_cleanup_execute                0x080005ee   Section        0  thread.o(i._thread_cleanup_execute)
    _thread_cleanup_execute                  0x080005ef   Thumb Code    28  thread.o(i._thread_cleanup_execute)
    i.gpio_dir                               0x0800060a   Section        0  lyx_gpio.o(i.gpio_dir)
    i.gpio_init                              0x0800078c   Section        0  lyx_gpio.o(i.gpio_init)
    i.gpio_set                               0x080007d4   Section        0  lyx_gpio.o(i.gpio_set)
    i.main                                   0x08000830   Section        0  main.o(i.main)
    i.main_thread_entry                      0x08000852   Section        0  components.o(i.main_thread_entry)
    i.plug_holes                             0x08000860   Section        0  mem.o(i.plug_holes)
    plug_holes                               0x08000861   Thumb Code   174  mem.o(i.plug_holes)
    i.rt_application_init                    0x08000910   Section        0  components.o(i.rt_application_init)
    i.rt_components_board_init               0x0800093e   Section        0  components.o(i.rt_components_board_init)
    i.rt_components_init                     0x0800095e   Section        0  components.o(i.rt_components_init)
    i.rt_enter_critical                      0x0800097e   Section        0  scheduler.o(i.rt_enter_critical)
    i.rt_exit_critical                       0x080009a6   Section        0  scheduler.o(i.rt_exit_critical)
    i.rt_free                                0x080009f4   Section        0  mem.o(i.rt_free)
    i.rt_heap_begin_get                      0x08000a8c   Section        0  board.o(i.rt_heap_begin_get)
    i.rt_heap_end_get                        0x08000a96   Section        0  board.o(i.rt_heap_end_get)
    i.rt_hw_board_init                       0x08000aa0   Section        0  board.o(i.rt_hw_board_init)
    i.rt_hw_hard_fault_exception             0x08000aba   Section        0  cpuport.o(i.rt_hw_hard_fault_exception)
    i.rt_hw_stack_init                       0x08000ae6   Section        0  cpuport.o(i.rt_hw_stack_init)
    i.rt_ipc_list_resume                     0x08000b32   Section        0  ipc.o(i.rt_ipc_list_resume)
    rt_ipc_list_resume                       0x08000b33   Thumb Code    20  ipc.o(i.rt_ipc_list_resume)
    i.rt_ipc_list_suspend                    0x08000b46   Section        0  ipc.o(i.rt_ipc_list_suspend)
    rt_ipc_list_suspend                      0x08000b47   Thumb Code   110  ipc.o(i.rt_ipc_list_suspend)
    i.rt_ipc_object_init                     0x08000bb4   Section        0  ipc.o(i.rt_ipc_object_init)
    rt_ipc_object_init                       0x08000bb5   Thumb Code    16  ipc.o(i.rt_ipc_object_init)
    i.rt_list_init                           0x08000bc4   Section        0  ipc.o(i.rt_list_init)
    rt_list_init                             0x08000bc5   Thumb Code     6  ipc.o(i.rt_list_init)
    i.rt_list_init                           0x08000bca   Section        0  scheduler.o(i.rt_list_init)
    rt_list_init                             0x08000bcb   Thumb Code     6  scheduler.o(i.rt_list_init)
    i.rt_list_init                           0x08000bd0   Section        0  timer.o(i.rt_list_init)
    rt_list_init                             0x08000bd1   Thumb Code     6  timer.o(i.rt_list_init)
    i.rt_list_insert_after                   0x08000bd6   Section        0  object.o(i.rt_list_insert_after)
    rt_list_insert_after                     0x08000bd7   Thumb Code    14  object.o(i.rt_list_insert_after)
    i.rt_list_insert_after                   0x08000be4   Section        0  thread.o(i.rt_list_insert_after)
    rt_list_insert_after                     0x08000be5   Thumb Code    14  thread.o(i.rt_list_insert_after)
    i.rt_list_insert_after                   0x08000bf2   Section        0  timer.o(i.rt_list_insert_after)
    rt_list_insert_after                     0x08000bf3   Thumb Code    14  timer.o(i.rt_list_insert_after)
    i.rt_list_insert_before                  0x08000c00   Section        0  ipc.o(i.rt_list_insert_before)
    rt_list_insert_before                    0x08000c01   Thumb Code    14  ipc.o(i.rt_list_insert_before)
    i.rt_list_isempty                        0x08000c0e   Section        0  ipc.o(i.rt_list_isempty)
    rt_list_isempty                          0x08000c0f   Thumb Code    16  ipc.o(i.rt_list_isempty)
    i.rt_list_remove                         0x08000c1e   Section        0  object.o(i.rt_list_remove)
    rt_list_remove                           0x08000c1f   Thumb Code    18  object.o(i.rt_list_remove)
    i.rt_list_remove                         0x08000c30   Section        0  thread.o(i.rt_list_remove)
    rt_list_remove                           0x08000c31   Thumb Code    18  thread.o(i.rt_list_remove)
    i.rt_list_remove                         0x08000c42   Section        0  timer.o(i.rt_list_remove)
    rt_list_remove                           0x08000c43   Thumb Code    18  timer.o(i.rt_list_remove)
    i.rt_malloc                              0x08000c54   Section        0  mem.o(i.rt_malloc)
    i.rt_memset                              0x08000e5a   Section        0  kservice.o(i.rt_memset)
    i.rt_object_allocate                     0x08000ea2   Section        0  object.o(i.rt_object_allocate)
    i.rt_object_delete                       0x08000ef6   Section        0  object.o(i.rt_object_delete)
    i.rt_object_detach                       0x08000f1a   Section        0  object.o(i.rt_object_detach)
    i.rt_object_get_information              0x08000f38   Section        0  object.o(i.rt_object_get_information)
    i.rt_object_init                         0x08000f68   Section        0  object.o(i.rt_object_init)
    i.rt_object_is_systemobject              0x08000fbe   Section        0  object.o(i.rt_object_is_systemobject)
    i.rt_schedule                            0x08000fd0   Section        0  scheduler.o(i.rt_schedule)
    i.rt_schedule_insert_thread              0x08001066   Section        0  scheduler.o(i.rt_schedule_insert_thread)
    i.rt_schedule_remove_thread              0x080010c0   Section        0  scheduler.o(i.rt_schedule_remove_thread)
    i.rt_sem_init                            0x0800111e   Section        0  ipc.o(i.rt_sem_init)
    i.rt_sem_release                         0x08001144   Section        0  ipc.o(i.rt_sem_release)
    i.rt_sem_take                            0x08001196   Section        0  ipc.o(i.rt_sem_take)
    i.rt_show_version                        0x0800120a   Section        0  kservice.o(i.rt_show_version)
    i.rt_strncpy                             0x0800120c   Section        0  kservice.o(i.rt_strncpy)
    i.rt_system_heap_init                    0x08001240   Section        0  mem.o(i.rt_system_heap_init)
    i.rt_system_scheduler_init               0x08001326   Section        0  scheduler.o(i.rt_system_scheduler_init)
    i.rt_system_scheduler_start              0x0800137e   Section        0  scheduler.o(i.rt_system_scheduler_start)
    i.rt_system_timer_init                   0x080013b4   Section        0  timer.o(i.rt_system_timer_init)
    i.rt_system_timer_thread_init            0x080013d2   Section        0  timer.o(i.rt_system_timer_thread_init)
    i.rt_thread_create                       0x080013d4   Section        0  thread.o(i.rt_thread_create)
    i.rt_thread_exit                         0x08001424   Section        0  thread.o(i.rt_thread_exit)
    i.rt_thread_idle_entry                   0x0800147e   Section        0  idle.o(i.rt_thread_idle_entry)
    rt_thread_idle_entry                     0x0800147f   Thumb Code     8  idle.o(i.rt_thread_idle_entry)
    i.rt_thread_idle_excute                  0x08001486   Section        0  idle.o(i.rt_thread_idle_excute)
    i.rt_thread_idle_init                    0x080014ee   Section        0  idle.o(i.rt_thread_idle_init)
    i.rt_thread_init                         0x08001532   Section        0  thread.o(i.rt_thread_init)
    i.rt_thread_resume                       0x08001566   Section        0  thread.o(i.rt_thread_resume)
    i.rt_thread_self                         0x080015a2   Section        0  thread.o(i.rt_thread_self)
    i.rt_thread_startup                      0x080015ae   Section        0  thread.o(i.rt_thread_startup)
    i.rt_thread_suspend                      0x080015da   Section        0  thread.o(i.rt_thread_suspend)
    i.rt_thread_timeout                      0x0800161e   Section        0  thread.o(i.rt_thread_timeout)
    i.rt_tick_get                            0x0800163e   Section        0  clock.o(i.rt_tick_get)
    i.rt_timer_control                       0x0800164a   Section        0  timer.o(i.rt_timer_control)
    i.rt_timer_detach                        0x080016ae   Section        0  timer.o(i.rt_timer_detach)
    i.rt_timer_init                          0x080016d6   Section        0  timer.o(i.rt_timer_init)
    i.rt_timer_start                         0x08001704   Section        0  timer.o(i.rt_timer_start)
    i.rt_timer_stop                          0x080017f8   Section        0  timer.o(i.rt_timer_stop)
    i.rti_board_end                          0x08001828   Section        0  components.o(i.rti_board_end)
    rti_board_end                            0x08001829   Thumb Code     4  components.o(i.rti_board_end)
    i.rti_board_start                        0x0800182c   Section        0  components.o(i.rti_board_start)
    rti_board_start                          0x0800182d   Thumb Code     4  components.o(i.rti_board_start)
    i.rti_end                                0x08001830   Section        0  components.o(i.rti_end)
    rti_end                                  0x08001831   Thumb Code     4  components.o(i.rti_end)
    i.rti_start                              0x08001834   Section        0  components.o(i.rti_start)
    rti_start                                0x08001835   Thumb Code     4  components.o(i.rti_start)
    i.rtthread_startup                       0x08001838   Section        0  components.o(i.rtthread_startup)
    .constdata                               0x08001862   Section      290  kservice.o(.constdata)
    small_digits                             0x08001962   Data          17  kservice.o(.constdata)
    large_digits                             0x08001973   Data          17  kservice.o(.constdata)
    .conststring                             0x08001984   Section        5  components.o(.conststring)
    .conststring                             0x0800198c   Section        6  idle.o(.conststring)
    .conststring                             0x08001994   Section        5  mem.o(.conststring)
    .rti_fn.0                                0x0800199c   Section        4  components.o(.rti_fn.0)
    __tagsym$$used                           0x0800199c   Number         0  components.o(.rti_fn.0)
    .rti_fn.0.end                            0x080019a0   Section        4  components.o(.rti_fn.0.end)
    __tagsym$$used                           0x080019a0   Number         0  components.o(.rti_fn.0.end)
    .rti_fn.1.end                            0x080019a4   Section        4  components.o(.rti_fn.1.end)
    __tagsym$$used                           0x080019a4   Number         0  components.o(.rti_fn.1.end)
    .rti_fn.6.end                            0x080019a8   Section        4  components.o(.rti_fn.6.end)
    __tagsym$$used                           0x080019a8   Number         0  components.o(.rti_fn.6.end)
    c.rt_timer_control.00000014              0x080019cc   Section        5  timer.o(c.rt_timer_control.00000014)
    .data                                    0x20000000   Section       16  lyx_gpio.o(.data)
    .data                                    0x20000010   Section       16  cpuport.o(.data)
    rt_exception_hook                        0x2000001c   Data           4  cpuport.o(.data)
    .data                                    0x20000020   Section        4  clock.o(.data)
    rt_tick                                  0x20000020   Data           4  clock.o(.data)
    .data                                    0x20000024   Section        1  irq.o(.data)
    .data                                    0x20000028   Section       24  mem.o(.data)
    heap_ptr                                 0x20000028   Data           4  mem.o(.data)
    heap_end                                 0x2000002c   Data           4  mem.o(.data)
    lfree                                    0x20000030   Data           4  mem.o(.data)
    mem_size_aligned                         0x20000034   Data           4  mem.o(.data)
    used_mem                                 0x20000038   Data           4  mem.o(.data)
    max_mem                                  0x2000003c   Data           4  mem.o(.data)
    .data                                    0x20000040   Section       64  object.o(.data)
    rt_object_container                      0x20000040   Data          64  object.o(.data)
    .data                                    0x20000080   Section       24  scheduler.o(.data)
    rt_scheduler_lock_nest                   0x20000084   Data           2  scheduler.o(.data)
    .data                                    0x20000098   Section       12  timer.o(.data)
    rt_timer_list                            0x20000098   Data           8  timer.o(.data)
    random_nr                                0x200000a0   Data           4  timer.o(.data)
    .bss                                     0x200000a4   Section      376  idle.o(.bss)
    idle                                     0x200000a4   Data         120  idle.o(.bss)
    rt_thread_stack                          0x2000011c   Data         256  idle.o(.bss)
    .bss                                     0x2000021c   Section       32  mem.o(.bss)
    heap_sem                                 0x2000021c   Data          32  mem.o(.bss)
    .bss                                     0x2000023c   Section      256  scheduler.o(.bss)
    .bss                                     0x2000033c   Section    15360  board.o(.bss)
    rt_heap                                  0x2000033c   Data       15360  board.o(.bss)
    STACK                                    0x20003f40   Section     1024  startup_stm32f10x_md.o(STACK)

    Global Symbols

    Symbol Name                              Value     Ov Type        Size  Object(Section)

    BuildAttributes$$THM_ISAv4$P$D$K$B$S$PE$A:L22UL41UL21$X:L11$S22US41US21$IEEE1$IW$USESV6$~STKCKD$USESV7$~SHL$OTIME$ROPI$IEEEJ$EBA8$MICROLIB$REQ8$PRES8$EABIv2 0x00000000   Number         0  anon$$obj.o ABSOLUTE
    __ARM_use_no_argv                        0x00000000   Number         0  main.o ABSOLUTE
    __arm_fini_                               - Undefined Weak Reference
    __cpp_initialize__aeabi_                  - Undefined Weak Reference
    __cxa_finalize                            - Undefined Weak Reference
    __decompress                              - Undefined Weak Reference
    _clock_init                               - Undefined Weak Reference
    _microlib_exit                            - Undefined Weak Reference
    __Vectors_Size                           0x000000ec   Number         0  startup_stm32f10x_md.o ABSOLUTE
    __Vectors                                0x08000000   Data           4  startup_stm32f10x_md.o(RESET)
    __Vectors_End                            0x080000ec   Data           0  startup_stm32f10x_md.o(RESET)
    __main                                   0x080000ed   Thumb Code     0  entry.o(.ARM.Collect$$$$00000000)
    _main_stk                                0x080000ed   Thumb Code     0  entry2.o(.ARM.Collect$$$$00000001)
    _main_scatterload                        0x080000f1   Thumb Code     0  entry5.o(.ARM.Collect$$$$00000004)
    __main_after_scatterload                 0x080000f5   Thumb Code     0  entry5.o(.ARM.Collect$$$$00000004)
    _main_clock                              0x080000f5   Thumb Code     0  entry7b.o(.ARM.Collect$$$$00000008)
    _main_cpp_init                           0x080000f5   Thumb Code     0  entry8b.o(.ARM.Collect$$$$0000000A)
    _main_init                               0x080000f5   Thumb Code     0  entry9a.o(.ARM.Collect$$$$0000000B)
    __rt_lib_shutdown_fini                   0x080000fd   Thumb Code     0  entry12b.o(.ARM.Collect$$$$0000000E)
    __rt_final_cpp                           0x08000101   Thumb Code     0  entry10a.o(.ARM.Collect$$$$0000000F)
    __rt_final_exit                          0x08000101   Thumb Code     0  entry11a.o(.ARM.Collect$$$$00000011)
    Reset_Handler                            0x08000105   Thumb Code     8  startup_stm32f10x_md.o(.text)
    NMI_Handler                              0x0800010d   Thumb Code     2  startup_stm32f10x_md.o(.text)
    MemManage_Handler                        0x08000111   Thumb Code     2  startup_stm32f10x_md.o(.text)
    BusFault_Handler                         0x08000113   Thumb Code     2  startup_stm32f10x_md.o(.text)
    UsageFault_Handler                       0x08000115   Thumb Code     2  startup_stm32f10x_md.o(.text)
    SVC_Handler                              0x08000117   Thumb Code     2  startup_stm32f10x_md.o(.text)
    DebugMon_Handler                         0x08000119   Thumb Code     2  startup_stm32f10x_md.o(.text)
    SysTick_Handler                          0x0800011d   Thumb Code     2  startup_stm32f10x_md.o(.text)
    ADC1_2_IRQHandler                        0x0800011f   Thumb Code     0  startup_stm32f10x_md.o(.text)
    CAN1_RX1_IRQHandler                      0x0800011f   Thumb Code     0  startup_stm32f10x_md.o(.text)
    CAN1_SCE_IRQHandler                      0x0800011f   Thumb Code     0  startup_stm32f10x_md.o(.text)
    DMA1_Channel1_IRQHandler                 0x0800011f   Thumb Code     0  startup_stm32f10x_md.o(.text)
    DMA1_Channel2_IRQHandler                 0x0800011f   Thumb Code     0  startup_stm32f10x_md.o(.text)
    DMA1_Channel3_IRQHandler                 0x0800011f   Thumb Code     0  startup_stm32f10x_md.o(.text)
    DMA1_Channel4_IRQHandler                 0x0800011f   Thumb Code     0  startup_stm32f10x_md.o(.text)
    DMA1_Channel5_IRQHandler                 0x0800011f   Thumb Code     0  startup_stm32f10x_md.o(.text)
    DMA1_Channel6_IRQHandler                 0x0800011f   Thumb Code     0  startup_stm32f10x_md.o(.text)
    DMA1_Channel7_IRQHandler                 0x0800011f   Thumb Code     0  startup_stm32f10x_md.o(.text)
    EXTI0_IRQHandler                         0x0800011f   Thumb Code     0  startup_stm32f10x_md.o(.text)
    EXTI15_10_IRQHandler                     0x0800011f   Thumb Code     0  startup_stm32f10x_md.o(.text)
    EXTI1_IRQHandler                         0x0800011f   Thumb Code     0  startup_stm32f10x_md.o(.text)
    EXTI2_IRQHandler                         0x0800011f   Thumb Code     0  startup_stm32f10x_md.o(.text)
    EXTI3_IRQHandler                         0x0800011f   Thumb Code     0  startup_stm32f10x_md.o(.text)
    EXTI4_IRQHandler                         0x0800011f   Thumb Code     0  startup_stm32f10x_md.o(.text)
    EXTI9_5_IRQHandler                       0x0800011f   Thumb Code     0  startup_stm32f10x_md.o(.text)
    FLASH_IRQHandler                         0x0800011f   Thumb Code     0  startup_stm32f10x_md.o(.text)
    I2C1_ER_IRQHandler                       0x0800011f   Thumb Code     0  startup_stm32f10x_md.o(.text)
    I2C1_EV_IRQHandler                       0x0800011f   Thumb Code     0  startup_stm32f10x_md.o(.text)
    I2C2_ER_IRQHandler                       0x0800011f   Thumb Code     0  startup_stm32f10x_md.o(.text)
    I2C2_EV_IRQHandler                       0x0800011f   Thumb Code     0  startup_stm32f10x_md.o(.text)
    PVD_IRQHandler                           0x0800011f   Thumb Code     0  startup_stm32f10x_md.o(.text)
    RCC_IRQHandler                           0x0800011f   Thumb Code     0  startup_stm32f10x_md.o(.text)
    RTCAlarm_IRQHandler                      0x0800011f   Thumb Code     0  startup_stm32f10x_md.o(.text)
    RTC_IRQHandler                           0x0800011f   Thumb Code     0  startup_stm32f10x_md.o(.text)
    SPI1_IRQHandler                          0x0800011f   Thumb Code     0  startup_stm32f10x_md.o(.text)
    SPI2_IRQHandler                          0x0800011f   Thumb Code     0  startup_stm32f10x_md.o(.text)
    TAMPER_IRQHandler                        0x0800011f   Thumb Code     0  startup_stm32f10x_md.o(.text)
    TIM1_BRK_IRQHandler                      0x0800011f   Thumb Code     0  startup_stm32f10x_md.o(.text)
    TIM1_CC_IRQHandler                       0x0800011f   Thumb Code     0  startup_stm32f10x_md.o(.text)
    TIM1_TRG_COM_IRQHandler                  0x0800011f   Thumb Code     0  startup_stm32f10x_md.o(.text)
    TIM1_UP_IRQHandler                       0x0800011f   Thumb Code     0  startup_stm32f10x_md.o(.text)
    TIM2_IRQHandler                          0x0800011f   Thumb Code     0  startup_stm32f10x_md.o(.text)
    TIM3_IRQHandler                          0x0800011f   Thumb Code     0  startup_stm32f10x_md.o(.text)
    TIM4_IRQHandler                          0x0800011f   Thumb Code     0  startup_stm32f10x_md.o(.text)
    USART1_IRQHandler                        0x0800011f   Thumb Code     0  startup_stm32f10x_md.o(.text)
    USART2_IRQHandler                        0x0800011f   Thumb Code     0  startup_stm32f10x_md.o(.text)
    USART3_IRQHandler                        0x0800011f   Thumb Code     0  startup_stm32f10x_md.o(.text)
    USBWakeUp_IRQHandler                     0x0800011f   Thumb Code     0  startup_stm32f10x_md.o(.text)
    USB_HP_CAN1_TX_IRQHandler                0x0800011f   Thumb Code     0  startup_stm32f10x_md.o(.text)
    USB_LP_CAN1_RX0_IRQHandler               0x0800011f   Thumb Code     0  startup_stm32f10x_md.o(.text)
    WWDG_IRQHandler                          0x0800011f   Thumb Code     0  startup_stm32f10x_md.o(.text)
    rt_hw_interrupt_disable                  0x08000129   Thumb Code     8  context_rvds.o(.text)
    rt_hw_interrupt_enable                   0x08000131   Thumb Code     6  context_rvds.o(.text)
    rt_hw_context_switch                     0x08000137   Thumb Code    32  context_rvds.o(.text)
    rt_hw_context_switch_interrupt           0x08000137   Thumb Code     0  context_rvds.o(.text)
    PendSV_Handler                           0x08000157   Thumb Code    60  context_rvds.o(.text)
    rt_hw_context_switch_to                  0x08000193   Thumb Code    56  context_rvds.o(.text)
    rt_hw_interrupt_thread_switch            0x080001cb   Thumb Code     2  context_rvds.o(.text)
    HardFault_Handler                        0x080001cd   Thumb Code    52  context_rvds.o(.text)
    __scatterload                            0x0800021d   Thumb Code    28  init.o(.text)
    __scatterload_rt2                        0x0800021d   Thumb Code     0  init.o(.text)
    main                                     0x08000241   Thumb Code    10  components.o(i.$Sub$$main)
    CLOCK_int                                0x0800024b   Thumb Code   176  lyx_clock.o(i.CLOCK_int)
    SystemInit                               0x08000421   Thumb Code   108  system_stm32f10x.o(i.SystemInit)
    __rt_ffs                                 0x0800048d   Thumb Code    94  kservice.o(i.__rt_ffs)
    __scatterload_copy                       0x080004eb   Thumb Code    14  handlers.o(i.__scatterload_copy)
    __scatterload_null                       0x080004f9   Thumb Code     2  handlers.o(i.__scatterload_null)
    __scatterload_zeroinit                   0x080004fb   Thumb Code    14  handlers.o(i.__scatterload_zeroinit)
    gpio_dir                                 0x0800060b   Thumb Code   386  lyx_gpio.o(i.gpio_dir)
    gpio_init                                0x0800078d   Thumb Code    72  lyx_gpio.o(i.gpio_init)
    gpio_set                                 0x080007d5   Thumb Code    92  lyx_gpio.o(i.gpio_set)
    $Super$$main                             0x08000831   Thumb Code    34  main.o(i.main)
    main_thread_entry                        0x08000853   Thumb Code    14  components.o(i.main_thread_entry)
    rt_application_init                      0x08000911   Thumb Code    46  components.o(i.rt_application_init)
    rt_components_board_init                 0x0800093f   Thumb Code    32  components.o(i.rt_components_board_init)
    rt_components_init                       0x0800095f   Thumb Code    32  components.o(i.rt_components_init)
    rt_enter_critical                        0x0800097f   Thumb Code    40  scheduler.o(i.rt_enter_critical)
    rt_exit_critical                         0x080009a7   Thumb Code    78  scheduler.o(i.rt_exit_critical)
    rt_free                                  0x080009f5   Thumb Code   152  mem.o(i.rt_free)
    rt_heap_begin_get                        0x08000a8d   Thumb Code    10  board.o(i.rt_heap_begin_get)
    rt_heap_end_get                          0x08000a97   Thumb Code    10  board.o(i.rt_heap_end_get)
    rt_hw_board_init                         0x08000aa1   Thumb Code    26  board.o(i.rt_hw_board_init)
    rt_hw_hard_fault_exception               0x08000abb   Thumb Code    44  cpuport.o(i.rt_hw_hard_fault_exception)
    rt_hw_stack_init                         0x08000ae7   Thumb Code    76  cpuport.o(i.rt_hw_stack_init)
    rt_malloc                                0x08000c55   Thumb Code   518  mem.o(i.rt_malloc)
    rt_memset                                0x08000e5b   Thumb Code    72  kservice.o(i.rt_memset)
    rt_object_allocate                       0x08000ea3   Thumb Code    84  object.o(i.rt_object_allocate)
    rt_object_delete                         0x08000ef7   Thumb Code    36  object.o(i.rt_object_delete)
    rt_object_detach                         0x08000f1b   Thumb Code    30  object.o(i.rt_object_detach)
    rt_object_get_information                0x08000f39   Thumb Code    48  object.o(i.rt_object_get_information)
    rt_object_init                           0x08000f69   Thumb Code    86  object.o(i.rt_object_init)
    rt_object_is_systemobject                0x08000fbf   Thumb Code    18  object.o(i.rt_object_is_systemobject)
    rt_schedule                              0x08000fd1   Thumb Code   150  scheduler.o(i.rt_schedule)
    rt_schedule_insert_thread                0x08001067   Thumb Code    90  scheduler.o(i.rt_schedule_insert_thread)
    rt_schedule_remove_thread                0x080010c1   Thumb Code    94  scheduler.o(i.rt_schedule_remove_thread)
    rt_sem_init                              0x0800111f   Thumb Code    38  ipc.o(i.rt_sem_init)
    rt_sem_release                           0x08001145   Thumb Code    82  ipc.o(i.rt_sem_release)
    rt_sem_take                              0x08001197   Thumb Code   116  ipc.o(i.rt_sem_take)
    rt_show_version                          0x0800120b   Thumb Code     2  kservice.o(i.rt_show_version)
    rt_strncpy                               0x0800120d   Thumb Code    52  kservice.o(i.rt_strncpy)
    rt_system_heap_init                      0x08001241   Thumb Code   230  mem.o(i.rt_system_heap_init)
    rt_system_scheduler_init                 0x08001327   Thumb Code    88  scheduler.o(i.rt_system_scheduler_init)
    rt_system_scheduler_start                0x0800137f   Thumb Code    54  scheduler.o(i.rt_system_scheduler_start)
    rt_system_timer_init                     0x080013b5   Thumb Code    30  timer.o(i.rt_system_timer_init)
    rt_system_timer_thread_init              0x080013d3   Thumb Code     2  timer.o(i.rt_system_timer_thread_init)
    rt_thread_create                         0x080013d5   Thumb Code    80  thread.o(i.rt_thread_create)
    rt_thread_exit                           0x08001425   Thumb Code    90  thread.o(i.rt_thread_exit)
    rt_thread_idle_excute                    0x08001487   Thumb Code   104  idle.o(i.rt_thread_idle_excute)
    rt_thread_idle_init                      0x080014ef   Thumb Code    68  idle.o(i.rt_thread_idle_init)
    rt_thread_init                           0x08001533   Thumb Code    52  thread.o(i.rt_thread_init)
    rt_thread_resume                         0x08001567   Thumb Code    60  thread.o(i.rt_thread_resume)
    rt_thread_self                           0x080015a3   Thumb Code    12  thread.o(i.rt_thread_self)
    rt_thread_startup                        0x080015af   Thumb Code    44  thread.o(i.rt_thread_startup)
    rt_thread_suspend                        0x080015db   Thumb Code    68  thread.o(i.rt_thread_suspend)
    rt_thread_timeout                        0x0800161f   Thumb Code    32  thread.o(i.rt_thread_timeout)
    rt_tick_get                              0x0800163f   Thumb Code    12  clock.o(i.rt_tick_get)
    rt_timer_control                         0x0800164b   Thumb Code   100  timer.o(i.rt_timer_control)
    rt_timer_detach                          0x080016af   Thumb Code    40  timer.o(i.rt_timer_detach)
    rt_timer_init                            0x080016d7   Thumb Code    46  timer.o(i.rt_timer_init)
    rt_timer_start                           0x08001705   Thumb Code   244  timer.o(i.rt_timer_start)
    rt_timer_stop                            0x080017f9   Thumb Code    48  timer.o(i.rt_timer_stop)
    rtthread_startup                         0x08001839   Thumb Code    42  components.o(i.rtthread_startup)
    __lowest_bit_bitmap                      0x08001862   Data         256  kservice.o(.constdata)
    __rt_init_rti_start                      0x0800199c   Data           4  components.o(.rti_fn.0)
    __rt_init_rti_board_start                0x080019a0   Data           4  components.o(.rti_fn.0.end)
    __rt_init_rti_board_end                  0x080019a4   Data           4  components.o(.rti_fn.1.end)
    __rt_init_rti_end                        0x080019a8   Data           4  components.o(.rti_fn.6.end)
    Region$$Table$$Base                      0x080019ac   Number         0  anon$$obj.o(Region$$Table)
    Region$$Table$$Limit                     0x080019cc   Number         0  anon$$obj.o(Region$$Table)
    gpio_group                               0x20000000   Data          16  lyx_gpio.o(.data)
    rt_interrupt_from_thread                 0x20000010   Data           4  cpuport.o(.data)
    rt_interrupt_to_thread                   0x20000014   Data           4  cpuport.o(.data)
    rt_thread_switch_interrupt_flag          0x20000018   Data           4  cpuport.o(.data)
    rt_interrupt_nest                        0x20000024   Data           1  irq.o(.data)
    rt_thread_ready_priority_group           0x20000080   Data           4  scheduler.o(.data)
    rt_current_thread                        0x20000088   Data           4  scheduler.o(.data)
    rt_current_priority                      0x2000008c   Data           1  scheduler.o(.data)
    rt_thread_defunct                        0x20000090   Data           8  scheduler.o(.data)
    rt_thread_priority_table                 0x2000023c   Data         256  scheduler.o(.bss)
    __initial_sp                             0x20004340   Data           0  startup_stm32f10x_md.o(STACK)



==============================================================================

Memory Map of the image

  Image Entry point : 0x080000ed

  Load Region LR_IROM1 (Base: 0x08000000, Size: 0x00001a78, Max: 0x00010000, ABSOLUTE)

    Execution Region ER_IROM1 (Exec base: 0x08000000, Load base: 0x08000000, Size: 0x000019d4, Max: 0x00010000, ABSOLUTE)

    Exec Addr    Load Addr    Size         Type   Attr      Idx    E Section Name        Object

    0x08000000   0x08000000   0x000000ec   Data   RO            3    RESET               startup_stm32f10x_md.o
    0x080000ec   0x080000ec   0x00000000   Code   RO         1846  * .ARM.Collect$$$$00000000  mc_w.l(entry.o)
    0x080000ec   0x080000ec   0x00000004   Code   RO         1869    .ARM.Collect$$$$00000001  mc_w.l(entry2.o)
    0x080000f0   0x080000f0   0x00000004   Code   RO         1872    .ARM.Collect$$$$00000004  mc_w.l(entry5.o)
    0x080000f4   0x080000f4   0x00000000   Code   RO         1874    .ARM.Collect$$$$00000008  mc_w.l(entry7b.o)
    0x080000f4   0x080000f4   0x00000000   Code   RO         1876    .ARM.Collect$$$$0000000A  mc_w.l(entry8b.o)
    0x080000f4   0x080000f4   0x00000008   Code   RO         1877    .ARM.Collect$$$$0000000B  mc_w.l(entry9a.o)
    0x080000fc   0x080000fc   0x00000004   Code   RO         1884    .ARM.Collect$$$$0000000E  mc_w.l(entry12b.o)
    0x08000100   0x08000100   0x00000000   Code   RO         1879    .ARM.Collect$$$$0000000F  mc_w.l(entry10a.o)
    0x08000100   0x08000100   0x00000000   Code   RO         1881    .ARM.Collect$$$$00000011  mc_w.l(entry11a.o)
    0x08000100   0x08000100   0x00000004   Code   RO         1870    .ARM.Collect$$$$00002712  mc_w.l(entry2.o)
    0x08000104   0x08000104   0x00000024   Code   RO            4    .text               startup_stm32f10x_md.o
    0x08000128   0x08000128   0x000000f4   Code   RO          817    .text               context_rvds.o
    0x0800021c   0x0800021c   0x00000024   Code   RO         1901    .text               mc_w.l(init.o)
    0x08000240   0x08000240   0x0000000a   Code   RO          919    i.$Sub$$main        components.o
    0x0800024a   0x0800024a   0x000000b0   Code   RO          291    i.CLOCK_int         lyx_clock.o
    0x080002fa   0x080002fa   0x00000008   Code   RO           10    i.SetSysClock       system_stm32f10x.o
    0x08000302   0x08000302   0x0000011e   Code   RO           11    i.SetSysClockTo72   system_stm32f10x.o
    0x08000420   0x08000420   0x0000006c   Code   RO           13    i.SystemInit        system_stm32f10x.o
    0x0800048c   0x0800048c   0x0000005e   Code   RO         1191    i.__rt_ffs          kservice.o
    0x080004ea   0x080004ea   0x0000000e   Code   RO         1909    i.__scatterload_copy  mc_w.l(handlers.o)
    0x080004f8   0x080004f8   0x00000002   Code   RO         1910    i.__scatterload_null  mc_w.l(handlers.o)
    0x080004fa   0x080004fa   0x0000000e   Code   RO         1911    i.__scatterload_zeroinit  mc_w.l(handlers.o)
    0x08000508   0x08000508   0x00000088   Code   RO         1561    i._rt_thread_init   thread.o
    0x08000590   0x08000590   0x00000042   Code   RO         1693    i._rt_timer_init    timer.o
    0x080005d2   0x080005d2   0x0000001c   Code   RO         1694    i._rt_timer_remove  timer.o
    0x080005ee   0x080005ee   0x0000001c   Code   RO         1562    i._thread_cleanup_execute  thread.o
    0x0800060a   0x0800060a   0x00000182   Code   RO          402    i.gpio_dir          lyx_gpio.o
    0x0800078c   0x0800078c   0x00000048   Code   RO          404    i.gpio_init         lyx_gpio.o
    0x080007d4   0x080007d4   0x0000005c   Code   RO          405    i.gpio_set          lyx_gpio.o
    0x08000830   0x08000830   0x00000022   Code   RO          793    i.main              main.o
    0x08000852   0x08000852   0x0000000e   Code   RO          920    i.main_thread_entry  components.o
    0x08000860   0x08000860   0x000000ae   Code   RO         1350    i.plug_holes        mem.o
    0x0800090e   0x0800090e   0x00000002   PAD
    0x08000910   0x08000910   0x0000002e   Code   RO          921    i.rt_application_init  components.o
    0x0800093e   0x0800093e   0x00000020   Code   RO          922    i.rt_components_board_init  components.o
    0x0800095e   0x0800095e   0x00000020   Code   RO          923    i.rt_components_init  components.o
    0x0800097e   0x0800097e   0x00000028   Code   RO         1495    i.rt_enter_critical  scheduler.o
    0x080009a6   0x080009a6   0x0000004e   Code   RO         1496    i.rt_exit_critical  scheduler.o
    0x080009f4   0x080009f4   0x00000098   Code   RO         1352    i.rt_free           mem.o
    0x08000a8c   0x08000a8c   0x0000000a   Code   RO         1806    i.rt_heap_begin_get  board.o
    0x08000a96   0x08000a96   0x0000000a   Code   RO         1807    i.rt_heap_end_get   board.o
    0x08000aa0   0x08000aa0   0x0000001a   Code   RO         1808    i.rt_hw_board_init  board.o
    0x08000aba   0x08000aba   0x0000002c   Code   RO          824    i.rt_hw_hard_fault_exception  cpuport.o
    0x08000ae6   0x08000ae6   0x0000004c   Code   RO          825    i.rt_hw_stack_init  cpuport.o
    0x08000b32   0x08000b32   0x00000014   Code   RO         1024    i.rt_ipc_list_resume  ipc.o
    0x08000b46   0x08000b46   0x0000006e   Code   RO         1026    i.rt_ipc_list_suspend  ipc.o
    0x08000bb4   0x08000bb4   0x00000010   Code   RO         1027    i.rt_ipc_object_init  ipc.o
    0x08000bc4   0x08000bc4   0x00000006   Code   RO         1028    i.rt_list_init      ipc.o
    0x08000bca   0x08000bca   0x00000006   Code   RO         1497    i.rt_list_init      scheduler.o
    0x08000bd0   0x08000bd0   0x00000006   Code   RO         1695    i.rt_list_init      timer.o
    0x08000bd6   0x08000bd6   0x0000000e   Code   RO         1407    i.rt_list_insert_after  object.o
    0x08000be4   0x08000be4   0x0000000e   Code   RO         1563    i.rt_list_insert_after  thread.o
    0x08000bf2   0x08000bf2   0x0000000e   Code   RO         1696    i.rt_list_insert_after  timer.o
    0x08000c00   0x08000c00   0x0000000e   Code   RO         1029    i.rt_list_insert_before  ipc.o
    0x08000c0e   0x08000c0e   0x00000010   Code   RO         1030    i.rt_list_isempty   ipc.o
    0x08000c1e   0x08000c1e   0x00000012   Code   RO         1408    i.rt_list_remove    object.o
    0x08000c30   0x08000c30   0x00000012   Code   RO         1564    i.rt_list_remove    thread.o
    0x08000c42   0x08000c42   0x00000012   Code   RO         1698    i.rt_list_remove    timer.o
    0x08000c54   0x08000c54   0x00000206   Code   RO         1353    i.rt_malloc         mem.o
    0x08000e5a   0x08000e5a   0x00000048   Code   RO         1200    i.rt_memset         kservice.o
    0x08000ea2   0x08000ea2   0x00000054   Code   RO         1409    i.rt_object_allocate  object.o
    0x08000ef6   0x08000ef6   0x00000024   Code   RO         1410    i.rt_object_delete  object.o
    0x08000f1a   0x08000f1a   0x0000001e   Code   RO         1411    i.rt_object_detach  object.o
    0x08000f38   0x08000f38   0x00000030   Code   RO         1413    i.rt_object_get_information  object.o
    0x08000f68   0x08000f68   0x00000056   Code   RO         1417    i.rt_object_init    object.o
    0x08000fbe   0x08000fbe   0x00000012   Code   RO         1418    i.rt_object_is_systemobject  object.o
    0x08000fd0   0x08000fd0   0x00000096   Code   RO         1498    i.rt_schedule       scheduler.o
    0x08001066   0x08001066   0x0000005a   Code   RO         1499    i.rt_schedule_insert_thread  scheduler.o
    0x080010c0   0x080010c0   0x0000005e   Code   RO         1500    i.rt_schedule_remove_thread  scheduler.o
    0x0800111e   0x0800111e   0x00000026   Code   RO         1043    i.rt_sem_init       ipc.o
    0x08001144   0x08001144   0x00000052   Code   RO         1044    i.rt_sem_release    ipc.o
    0x08001196   0x08001196   0x00000074   Code   RO         1045    i.rt_sem_take       ipc.o
    0x0800120a   0x0800120a   0x00000002   Code   RO         1202    i.rt_show_version   kservice.o
    0x0800120c   0x0800120c   0x00000034   Code   RO         1210    i.rt_strncpy        kservice.o
    0x08001240   0x08001240   0x000000e6   Code   RO         1356    i.rt_system_heap_init  mem.o
    0x08001326   0x08001326   0x00000058   Code   RO         1501    i.rt_system_scheduler_init  scheduler.o
    0x0800137e   0x0800137e   0x00000036   Code   RO         1502    i.rt_system_scheduler_start  scheduler.o
    0x080013b4   0x080013b4   0x0000001e   Code   RO         1699    i.rt_system_timer_init  timer.o
    0x080013d2   0x080013d2   0x00000002   Code   RO         1700    i.rt_system_timer_thread_init  timer.o
    0x080013d4   0x080013d4   0x00000050   Code   RO         1566    i.rt_thread_create  thread.o
    0x08001424   0x08001424   0x0000005a   Code   RO         1571    i.rt_thread_exit    thread.o
    0x0800147e   0x0800147e   0x00000008   Code   RO          988    i.rt_thread_idle_entry  idle.o
    0x08001486   0x08001486   0x00000068   Code   RO          989    i.rt_thread_idle_excute  idle.o
    0x080014ee   0x080014ee   0x00000044   Code   RO          991    i.rt_thread_idle_init  idle.o
    0x08001532   0x08001532   0x00000034   Code   RO         1573    i.rt_thread_init    thread.o
    0x08001566   0x08001566   0x0000003c   Code   RO         1575    i.rt_thread_resume  thread.o
    0x080015a2   0x080015a2   0x0000000c   Code   RO         1576    i.rt_thread_self    thread.o
    0x080015ae   0x080015ae   0x0000002c   Code   RO         1578    i.rt_thread_startup  thread.o
    0x080015da   0x080015da   0x00000044   Code   RO         1579    i.rt_thread_suspend  thread.o
    0x0800161e   0x0800161e   0x00000020   Code   RO         1580    i.rt_thread_timeout  thread.o
    0x0800163e   0x0800163e   0x0000000c   Code   RO          880    i.rt_tick_get       clock.o
    0x0800164a   0x0800164a   0x00000064   Code   RO         1702    i.rt_timer_control  timer.o
    0x080016ae   0x080016ae   0x00000028   Code   RO         1705    i.rt_timer_detach   timer.o
    0x080016d6   0x080016d6   0x0000002e   Code   RO         1706    i.rt_timer_init     timer.o
    0x08001704   0x08001704   0x000000f4   Code   RO         1709    i.rt_timer_start    timer.o
    0x080017f8   0x080017f8   0x00000030   Code   RO         1710    i.rt_timer_stop     timer.o
    0x08001828   0x08001828   0x00000004   Code   RO          924    i.rti_board_end     components.o
    0x0800182c   0x0800182c   0x00000004   Code   RO          925    i.rti_board_start   components.o
    0x08001830   0x08001830   0x00000004   Code   RO          926    i.rti_end           components.o
    0x08001834   0x08001834   0x00000004   Code   RO          927    i.rti_start         components.o
    0x08001838   0x08001838   0x0000002a   Code   RO          928    i.rtthread_startup  components.o
    0x08001862   0x08001862   0x00000122   Data   RO         1216    .constdata          kservice.o
    0x08001984   0x08001984   0x00000005   Data   RO          929    .conststring        components.o
    0x08001989   0x08001989   0x00000003   PAD
    0x0800198c   0x0800198c   0x00000006   Data   RO          993    .conststring        idle.o
    0x08001992   0x08001992   0x00000002   PAD
    0x08001994   0x08001994   0x00000005   Data   RO         1358    .conststring        mem.o
    0x08001999   0x08001999   0x00000003   PAD
    0x0800199c   0x0800199c   0x00000004   Data   RO          930    .rti_fn.0           components.o
    0x080019a0   0x080019a0   0x00000004   Data   RO          931    .rti_fn.0.end       components.o
    0x080019a4   0x080019a4   0x00000004   Data   RO          932    .rti_fn.1.end       components.o
    0x080019a8   0x080019a8   0x00000004   Data   RO          933    .rti_fn.6.end       components.o
    0x080019ac   0x080019ac   0x00000020   Data   RO         1907    Region$$Table       anon$$obj.o
    0x080019cc   0x080019cc   0x00000005   Data   RO         1712    c.rt_timer_control.00000014  timer.o


    Execution Region RW_IRAM1 (Exec base: 0x20000000, Load base: 0x080019d4, Size: 0x00004340, Max: 0x00005000, ABSOLUTE)

    Exec Addr    Load Addr    Size         Type   Attr      Idx    E Section Name        Object

    0x20000000   0x080019d4   0x00000010   Data   RW          407    .data               lyx_gpio.o
    0x20000010   0x080019e4   0x00000010   Data   RW          826    .data               cpuport.o
    0x20000020   0x080019f4   0x00000004   Data   RW          883    .data               clock.o
    0x20000024   0x080019f8   0x00000001   Data   RW         1167    .data               irq.o
    0x20000025   0x080019f9   0x00000003   PAD
    0x20000028   0x080019fc   0x00000018   Data   RW         1359    .data               mem.o
    0x20000040   0x08001a14   0x00000040   Data   RW         1420    .data               object.o
    0x20000080   0x08001a54   0x00000018   Data   RW         1504    .data               scheduler.o
    0x20000098   0x08001a6c   0x0000000c   Data   RW         1711    .data               timer.o
    0x200000a4        -       0x00000178   Zero   RW          992    .bss                idle.o
    0x2000021c        -       0x00000020   Zero   RW         1357    .bss                mem.o
    0x2000023c        -       0x00000100   Zero   RW         1503    .bss                scheduler.o
    0x2000033c        -       0x00003c00   Zero   RW         1810    .bss                board.o
    0x20003f3c   0x08001a78   0x00000004   PAD
    0x20003f40        -       0x00000400   Zero   RW            1    STACK               startup_stm32f10x_md.o


==============================================================================

Image component sizes


      Code (inc. data)   RO Data    RW Data    ZI Data      Debug   Object Name

        46          0          0          0      15360       2041   board.o
        12          0          0          4          0        586   clock.o
       192          0         21          0          0       5500   components.o
       244         28          0          0          0        828   context_rvds.o
       120          0          0         16          0       8766   cpuport.o
       180          0          6          0        376       4990   idle.o
       418          0          0          0          0       8029   ipc.o
         0          0          0          1          0        604   irq.o
       220          0        290          0          0       5188   kservice.o
       176          0          0          0          0        480   lyx_clock.o
       550          0          0         16          0       3615   lyx_gpio.o
        34          0          0          0          0        459   main.o
      1074          0          5         24         32       3748   mem.o
       334          0          0         64          0       7924   object.o
       600          0          0         24        256       8198   scheduler.o
        36          8        236          0       1024        860   startup_stm32f10x_md.o
       402          0          0          0          0       6589   system_stm32f10x.o
         0          0          0          0          0     202532   test.o
       634          0          0          0          0       9945   thread.o
       642          0          5         12          0       9979   timer.o

    ----------------------------------------------------------------------
      5916         36        606        164      17052     290861   Object Totals
         0          0         32          0          0          0   (incl. Generated)
         2          0         11          3          4          0   (incl. Padding)

    ----------------------------------------------------------------------

      Code (inc. data)   RO Data    RW Data    ZI Data      Debug   Library Member Name

         0          0          0          0          0          0   entry.o
         0          0          0          0          0          0   entry10a.o
         0          0          0          0          0          0   entry11a.o
         4          0          0          0          0          0   entry12b.o
         8          4          0          0          0          0   entry2.o
         4          0          0          0          0          0   entry5.o
         0          0          0          0          0          0   entry7b.o
         0          0          0          0          0          0   entry8b.o
         8          4          0          0          0          0   entry9a.o
        30          0          0          0          0          0   handlers.o
        36          8          0          0          0         68   init.o

    ----------------------------------------------------------------------
        90         16          0          0          0         68   Library Totals
         0          0          0          0          0          0   (incl. Padding)

    ----------------------------------------------------------------------

      Code (inc. data)   RO Data    RW Data    ZI Data      Debug   Library Name

        90         16          0          0          0         68   mc_w.l

    ----------------------------------------------------------------------
        90         16          0          0          0         68   Library Totals

    ----------------------------------------------------------------------

==============================================================================


      Code (inc. data)   RO Data    RW Data    ZI Data      Debug   

      6006         52        606        164      17052     286921   Grand Totals
      6006         52        606        164      17052     286921   ELF Image Totals
      6006         52        606        164          0          0   ROM Totals

==============================================================================

    Total RO  Size (Code + RO Data)                 6612 (   6.46kB)
    Total RW  Size (RW Data + ZI Data)             17216 (  16.81kB)
    Total ROM Size (Code + RO Data + RW Data)       6776 (   6.62kB)

==============================================================================

